#
# There is insufficient memory for the Java Runtime Environment to continue.
# Native memory allocation (malloc) failed to allocate 1444016 bytes. Error detail: Chunk::new
# Possible reasons:
#   The system is out of physical RAM or swap space
#   This process is running with CompressedOops enabled, and the Java Heap may be blocking the growth of the native heap
# Possible solutions:
#   Reduce memory load on the system
#   Increase physical memory or swap space
#   Check if swap backing store is full
#   Decrease Java heap size (-Xmx/-Xms)
#   Decrease number of Java threads
#   Decrease Java thread stack sizes (-Xss)
#   Set larger code cache with -XX:ReservedCodeCacheSize=
#   JVM is running with Unscaled Compressed Oops mode in which the Java heap is
#     placed in the first 4GB address space. The Java Heap base address is the
#     maximum limit for the native heap growth. Please use -XX:HeapBaseMinAddress
#     to set the Java Heap base and to place the Java Heap above 4GB virtual address.
# This output file may be truncated or incomplete.
#
#  Out of Memory Error (arena.cpp:168), pid=42568, tid=46624
#
# JRE version: OpenJDK Runtime Environment Temurin-21.0.10+7 (21.0.10+7) (build 21.0.10+7-LTS)
# Java VM: OpenJDK 64-Bit Server VM Temurin-21.0.10+7 (21.0.10+7-LTS, mixed mode, sharing, tiered, compressed oops, compressed class ptrs, parallel gc, windows-amd64)
# No core dump will be written. Minidumps are not enabled by default on client versions of Windows
#

---------------  S U M M A R Y ------------

Command Line: --add-modules=ALL-SYSTEM --add-opens=java.base/java.util=ALL-UNNAMED --add-opens=java.base/java.lang=ALL-UNNAMED --add-opens=java.base/sun.nio.fs=ALL-UNNAMED -Declipse.application=org.eclipse.jdt.ls.core.id1 -Dosgi.bundles.defaultStartLevel=4 -Declipse.product=org.eclipse.jdt.ls.core.product -Djava.import.generatesMetadataFilesAtProjectRoot=false -DDetectVMInstallationsJob.disabled=true -Dfile.encoding=utf8 -XX:+UseParallelGC -XX:GCTimeRatio=4 -XX:AdaptiveSizePolicyWeight=90 -Dsun.zip.disableMemoryMapping=true -Xmx2G -Xms100m -Xlog:disable -javaagent:c:\Users\beatr\.vscode\extensions\redhat.java-1.54.0-win32-x64\lombok\lombok-1.18.39-4050.jar -XX:+HeapDumpOnOutOfMemoryError -XX:HeapDumpPath=c:\Users\beatr\AppData\Roaming\Code\User\workspaceStorage\512d8a2463e38182a966693e443d7862\redhat.java -Daether.dependencyCollector.impl=bf c:\Users\beatr\.vscode\extensions\redhat.java-1.54.0-win32-x64\server\plugins\org.eclipse.equinox.launcher_1.7.100.v20251111-0406.jar -configuration c:\Users\beatr\AppData\Roaming\Code\User\globalStorage\redhat.java\1.54.0\config_win -data c:\Users\beatr\AppData\Roaming\Code\User\workspaceStorage\512d8a2463e38182a966693e443d7862\redhat.java\jdt_ws --pipe=\\.\pipe\lsp-eb9fad63056dac1aa105dd3d2f846014-sock

Host: AMD Ryzen 7 5800H with Radeon Graphics         , 16 cores, 13G,  Windows 11 , 64 bit Build 26100 (10.0.26100.8328)
Time: Wed May 20 16:11:20 2026 Hora est. Sudamérica Pacífico elapsed time: 7.587191 seconds (0d 0h 0m 7s)

---------------  T H R E A D  ---------------

Current thread (0x0000024a648586a0):  JavaThread "C2 CompilerThread1" daemon [_thread_in_native, id=46624, stack(0x000000d48d000000,0x000000d48d100000) (1024K)]


Current CompileTask:
C2:7587 7205   !   4       com.google.inject.spi.InjectionPoint::getInjectionPoints (489 bytes)

Stack: [0x000000d48d000000,0x000000d48d100000]
Native frames: (J=compiled Java code, j=interpreted, Vv=VM code, C=native code)
V  [jvm.dll+0x6d7a39]
V  [jvm.dll+0x8b4b26]
V  [jvm.dll+0x8b70de]
V  [jvm.dll+0x8b77c3]
V  [jvm.dll+0x284346]
V  [jvm.dll+0xc66ed]
V  [jvm.dll+0xc6c31]
V  [jvm.dll+0x3bec01]
V  [jvm.dll+0x38b162]
V  [jvm.dll+0x38a5aa]
V  [jvm.dll+0x24c560]
V  [jvm.dll+0x24bb40]
V  [jvm.dll+0x1cb34e]
V  [jvm.dll+0x25b85d]
V  [jvm.dll+0x259dea]
V  [jvm.dll+0x3f857e]
V  [jvm.dll+0x85f59d]
V  [jvm.dll+0x6d626d]
C  [ucrtbase.dll+0x37b0]
C  [KERNEL32.DLL+0x2e957]
C  [ntdll.dll+0x427c]


---------------  P R O C E S S  ---------------

Threads class SMR info:
_java_thread_list=0x0000024a63e206e0, length=66, elements={
0x0000024a0438e840, 0x0000024a04435b50, 0x0000024a04438be0, 0x0000024a0443c380,
0x0000024a0443eef0, 0x0000024a04442ad0, 0x0000024a044485d0, 0x0000024a044499e0,
0x0000024a5d1aa310, 0x0000024a5d29ef00, 0x0000024a5d29f760, 0x0000024a5d420830,
0x0000024a63178380, 0x0000024a63298090, 0x0000024a6329a7f0, 0x0000024a63298db0,
0x0000024a63298720, 0x0000024a63299440, 0x0000024a6329ae80, 0x0000024a63297a00,
0x0000024a63299ad0, 0x0000024a6329a160, 0x0000024a63db20e0, 0x0000024a648586a0,
0x0000024a64b3ad90, 0x0000024a64cde800, 0x0000024a63db41b0, 0x0000024a63db4840,
0x0000024a65124a30, 0x0000024a63db1a50, 0x0000024a63db5bf0, 0x0000024a63db4ed0,
0x0000024a63db2e00, 0x0000024a63db3490, 0x0000024a63db5560, 0x0000024a63db2770,
0x0000024a63db89e0, 0x0000024a63db6fa0, 0x0000024a63db7630, 0x0000024a63db7cc0,
0x0000024a63db6280, 0x0000024a63db8350, 0x0000024a63db9070, 0x0000024a63db6910,
0x0000024a65c3bc00, 0x0000024a65c3a850, 0x0000024a65c3c290, 0x0000024a66763b00,
0x0000024a65c394a0, 0x0000024a65c3aee0, 0x0000024a65c3a1c0, 0x0000024a65c3b570,
0x0000024a65c3c920, 0x0000024a65c3cfb0, 0x0000024a65c39b30, 0x0000024a65c3e360,
0x0000024a65c40430, 0x0000024a65c3fda0, 0x0000024a65c3f710, 0x0000024a65c3e9f0,
0x0000024a65c3dcd0, 0x0000024a65c40ac0, 0x0000024a65c3f080, 0x0000024a65c3d640,
0x0000024a6604eba0, 0x0000024a66051300
}

Java Threads: ( => current thread )
  0x0000024a0438e840 JavaThread "main"                              [_thread_blocked, id=10204, stack(0x000000d48aa00000,0x000000d48ab00000) (1024K)]
  0x0000024a04435b50 JavaThread "Reference Handler"          daemon [_thread_blocked, id=27120, stack(0x000000d48ae00000,0x000000d48af00000) (1024K)]
  0x0000024a04438be0 JavaThread "Finalizer"                  daemon [_thread_blocked, id=32148, stack(0x000000d48af00000,0x000000d48b000000) (1024K)]
  0x0000024a0443c380 JavaThread "Signal Dispatcher"          daemon [_thread_blocked, id=41540, stack(0x000000d48b000000,0x000000d48b100000) (1024K)]
  0x0000024a0443eef0 JavaThread "Attach Listener"            daemon [_thread_blocked, id=36432, stack(0x000000d48b100000,0x000000d48b200000) (1024K)]
  0x0000024a04442ad0 JavaThread "Service Thread"             daemon [_thread_blocked, id=23840, stack(0x000000d48b200000,0x000000d48b300000) (1024K)]
  0x0000024a044485d0 JavaThread "Monitor Deflation Thread"   daemon [_thread_blocked, id=14728, stack(0x000000d48b300000,0x000000d48b400000) (1024K)]
  0x0000024a044499e0 JavaThread "C2 CompilerThread0"         daemon [_thread_in_native, id=43320, stack(0x000000d48b400000,0x000000d48b500000) (1024K)]
  0x0000024a5d1aa310 JavaThread "C1 CompilerThread0"         daemon [_thread_blocked, id=41648, stack(0x000000d48b500000,0x000000d48b600000) (1024K)]
  0x0000024a5d29ef00 JavaThread "C1 CompilerThread1"         daemon [_thread_blocked, id=20612, stack(0x000000d48b600000,0x000000d48b700000) (1024K)]
  0x0000024a5d29f760 JavaThread "C1 CompilerThread2"         daemon [_thread_blocked, id=28848, stack(0x000000d48b700000,0x000000d48b800000) (1024K)]
  0x0000024a5d420830 JavaThread "Common-Cleaner"             daemon [_thread_blocked, id=19048, stack(0x000000d48b900000,0x000000d48ba00000) (1024K)]
  0x0000024a63178380 JavaThread "Notification Thread"        daemon [_thread_blocked, id=42756, stack(0x000000d48bb00000,0x000000d48bc00000) (1024K)]
  0x0000024a63298090 JavaThread "Active Thread: Equinox Container: 46da5255-2af5-4b20-8128-4ed4ce126e2b"        [_thread_blocked, id=24644, stack(0x000000d48c400000,0x000000d48c500000) (1024K)]
  0x0000024a6329a7f0 JavaThread "Refresh Thread: Equinox Container: 46da5255-2af5-4b20-8128-4ed4ce126e2b" daemon [_thread_blocked, id=46684, stack(0x000000d48c600000,0x000000d48c700000) (1024K)]
  0x0000024a63298db0 JavaThread "Framework Event Dispatcher: Equinox Container: 46da5255-2af5-4b20-8128-4ed4ce126e2b" daemon [_thread_blocked, id=41260, stack(0x000000d48c700000,0x000000d48c800000) (1024K)]
  0x0000024a63298720 JavaThread "Start Level: Equinox Container: 46da5255-2af5-4b20-8128-4ed4ce126e2b" daemon [_thread_blocked, id=26424, stack(0x000000d48c800000,0x000000d48c900000) (1024K)]
  0x0000024a63299440 JavaThread "Bundle File Closer"         daemon [_thread_blocked, id=7248, stack(0x000000d48cc00000,0x000000d48cd00000) (1024K)]
  0x0000024a6329ae80 JavaThread "SCR Component Actor"        daemon [_thread_blocked, id=34660, stack(0x000000d48b800000,0x000000d48b900000) (1024K)]
  0x0000024a63297a00 JavaThread "Worker-JM"                         [_thread_blocked, id=45964, stack(0x000000d48cd00000,0x000000d48ce00000) (1024K)]
  0x0000024a63299ad0 JavaThread "JNA Cleaner"                daemon [_thread_blocked, id=38756, stack(0x000000d48ba00000,0x000000d48bb00000) (1024K)]
  0x0000024a6329a160 JavaThread "Worker-0: Initialize workspace"        [_thread_blocked, id=31108, stack(0x000000d48bc00000,0x000000d48bd00000) (1024K)]
  0x0000024a63db20e0 JavaThread "Worker-1"                          [_thread_blocked, id=18104, stack(0x000000d48c300000,0x000000d48c400000) (1024K)]
=>0x0000024a648586a0 JavaThread "C2 CompilerThread1"         daemon [_thread_in_native, id=46624, stack(0x000000d48d000000,0x000000d48d100000) (1024K)]
  0x0000024a64b3ad90 JavaThread "C2 CompilerThread2"         daemon [_thread_in_native, id=30532, stack(0x000000d48d100000,0x000000d48d200000) (1024K)]
  0x0000024a64cde800 JavaThread "C1 CompilerThread3"         daemon [_thread_blocked, id=10384, stack(0x000000d48d200000,0x000000d48d300000) (1024K)]
  0x0000024a63db41b0 JavaThread "Java indexing"              daemon [_thread_blocked, id=19948, stack(0x000000d48d300000,0x000000d48d400000) (1024K)]
  0x0000024a63db4840 JavaThread "Worker-2"                          [_thread_blocked, id=35884, stack(0x000000d48d600000,0x000000d48d700000) (1024K)]
  0x0000024a65124a30 JavaThread "C2 CompilerThread3"         daemon [_thread_in_native, id=43444, stack(0x000000d48d700000,0x000000d48d800000) (1024K)]
  0x0000024a63db1a50 JavaThread "Worker-3: Initialize Workspace"        [_thread_blocked, id=38964, stack(0x000000d48d800000,0x000000d48d900000) (1024K)]
  0x0000024a63db5bf0 JavaThread "Thread-1"                   daemon [_thread_in_native, id=22444, stack(0x000000d48d900000,0x000000d48da00000) (1024K)]
  0x0000024a63db4ed0 JavaThread "Thread-2"                   daemon [_thread_in_native, id=45264, stack(0x000000d48da00000,0x000000d48db00000) (1024K)]
  0x0000024a63db2e00 JavaThread "Thread-3"                   daemon [_thread_in_native, id=5456, stack(0x000000d48db00000,0x000000d48dc00000) (1024K)]
  0x0000024a63db3490 JavaThread "Thread-4"                   daemon [_thread_in_native, id=24560, stack(0x000000d48dc00000,0x000000d48dd00000) (1024K)]
  0x0000024a63db5560 JavaThread "Thread-5"                   daemon [_thread_in_native, id=46660, stack(0x000000d48dd00000,0x000000d48de00000) (1024K)]
  0x0000024a63db2770 JavaThread "Thread-6"                   daemon [_thread_in_native, id=46104, stack(0x000000d48de00000,0x000000d48df00000) (1024K)]
  0x0000024a63db89e0 JavaThread "Thread-7"                   daemon [_thread_in_native, id=38732, stack(0x000000d48df00000,0x000000d48e000000) (1024K)]
  0x0000024a63db6fa0 JavaThread "Thread-8"                   daemon [_thread_in_native, id=43692, stack(0x000000d48e000000,0x000000d48e100000) (1024K)]
  0x0000024a63db7630 JavaThread "Thread-9"                   daemon [_thread_in_native, id=18280, stack(0x000000d48e100000,0x000000d48e200000) (1024K)]
  0x0000024a63db7cc0 JavaThread "Thread-10"                  daemon [_thread_in_native, id=37548, stack(0x000000d48e200000,0x000000d48e300000) (1024K)]
  0x0000024a63db6280 JavaThread "Thread-11"                  daemon [_thread_in_native, id=8924, stack(0x000000d48e300000,0x000000d48e400000) (1024K)]
  0x0000024a63db8350 JavaThread "Thread-12"                  daemon [_thread_in_native, id=34240, stack(0x000000d48e400000,0x000000d48e500000) (1024K)]
  0x0000024a63db9070 JavaThread "Thread-13"                  daemon [_thread_in_native, id=33988, stack(0x000000d48e500000,0x000000d48e600000) (1024K)]
  0x0000024a63db6910 JavaThread "Thread-14"                  daemon [_thread_in_native, id=46664, stack(0x000000d48e600000,0x000000d48e700000) (1024K)]
  0x0000024a65c3bc00 JavaThread "Thread-15"                  daemon [_thread_in_native, id=24012, stack(0x000000d48e700000,0x000000d48e800000) (1024K)]
  0x0000024a65c3a850 JavaThread "Thread-16"                  daemon [_thread_in_native, id=25896, stack(0x000000d48e800000,0x000000d48e900000) (1024K)]
  0x0000024a65c3c290 JavaThread "Thread-17"                  daemon [_thread_in_native, id=10872, stack(0x000000d48e900000,0x000000d48ea00000) (1024K)]
  0x0000024a66763b00 JavaThread "C2 CompilerThread4"         daemon [_thread_in_native, id=40792, stack(0x000000d48ea00000,0x000000d48eb00000) (1024K)]
  0x0000024a65c394a0 JavaThread "pool-2-thread-1"                   [_thread_blocked, id=25732, stack(0x000000d48eb00000,0x000000d48ec00000) (1024K)]
  0x0000024a65c3aee0 JavaThread "WorkspaceEventsHandler"            [_thread_blocked, id=14412, stack(0x000000d48ec00000,0x000000d48ed00000) (1024K)]
  0x0000024a65c3a1c0 JavaThread "pool-1-thread-1"                   [_thread_in_Java, id=44496, stack(0x000000d48ed00000,0x000000d48ee00000) (1024K)]
  0x0000024a65c3b570 JavaThread "ForkJoinPool.commonPool-worker-1" daemon [_thread_blocked, id=35636, stack(0x000000d48ee00000,0x000000d48ef00000) (1024K)]
  0x0000024a65c3c920 JavaThread "ForkJoinPool.commonPool-worker-2" daemon [_thread_blocked, id=34224, stack(0x000000d48ef00000,0x000000d48f000000) (1024K)]
  0x0000024a65c3cfb0 JavaThread "ForkJoinPool.commonPool-worker-3" daemon [_thread_blocked, id=38360, stack(0x000000d48f000000,0x000000d48f100000) (1024K)]
  0x0000024a65c39b30 JavaThread "ForkJoinPool.commonPool-worker-4" daemon [_thread_blocked, id=42992, stack(0x000000d48f100000,0x000000d48f200000) (1024K)]
  0x0000024a65c3e360 JavaThread "ForkJoinPool.commonPool-worker-5" daemon [_thread_blocked, id=25628, stack(0x000000d48f200000,0x000000d48f300000) (1024K)]
  0x0000024a65c40430 JavaThread "ForkJoinPool.commonPool-worker-6" daemon [_thread_blocked, id=456, stack(0x000000d48f300000,0x000000d48f400000) (1024K)]
  0x0000024a65c3fda0 JavaThread "ForkJoinPool.commonPool-worker-7" daemon [_thread_blocked, id=12404, stack(0x000000d48f400000,0x000000d48f500000) (1024K)]
  0x0000024a65c3f710 JavaThread "ForkJoinPool.commonPool-worker-8" daemon [_thread_blocked, id=30688, stack(0x000000d48f500000,0x000000d48f600000) (1024K)]
  0x0000024a65c3e9f0 JavaThread "ForkJoinPool.commonPool-worker-9" daemon [_thread_blocked, id=34648, stack(0x000000d48f600000,0x000000d48f700000) (1024K)]
  0x0000024a65c3dcd0 JavaThread "ForkJoinPool.commonPool-worker-10" daemon [_thread_blocked, id=3048, stack(0x000000d48f700000,0x000000d48f800000) (1024K)]
  0x0000024a65c40ac0 JavaThread "ForkJoinPool.commonPool-worker-11" daemon [_thread_blocked, id=41724, stack(0x000000d48f800000,0x000000d48f900000) (1024K)]
  0x0000024a65c3f080 JavaThread "ForkJoinPool.commonPool-worker-12" daemon [_thread_blocked, id=40060, stack(0x000000d48f900000,0x000000d48fa00000) (1024K)]
  0x0000024a65c3d640 JavaThread "ForkJoinPool.commonPool-worker-13" daemon [_thread_blocked, id=46536, stack(0x000000d48fa00000,0x000000d48fb00000) (1024K)]
  0x0000024a6604eba0 JavaThread "ForkJoinPool.commonPool-worker-14" daemon [_thread_blocked, id=41704, stack(0x000000d48fb00000,0x000000d48fc00000) (1024K)]
  0x0000024a66051300 JavaThread "ForkJoinPool.commonPool-worker-15" daemon [_thread_blocked, id=26916, stack(0x000000d48fc00000,0x000000d48fd00000) (1024K)]
Total: 66

Other Threads:
  0x0000024a5d184ba0 VMThread "VM Thread"                           [id=46908, stack(0x000000d48ad00000,0x000000d48ae00000) (1024K)]
  0x0000024a0421ca00 WatcherThread "VM Periodic Task Thread"        [id=13652, stack(0x000000d48ac00000,0x000000d48ad00000) (1024K)]
  0x0000024a043adac0 WorkerThread "GC Thread#0"                     [id=23624, stack(0x000000d48ab00000,0x000000d48ac00000) (1024K)]
  0x0000024a6395b590 WorkerThread "GC Thread#1"                     [id=34856, stack(0x000000d48bd00000,0x000000d48be00000) (1024K)]
  0x0000024a6395b940 WorkerThread "GC Thread#2"                     [id=41684, stack(0x000000d48be00000,0x000000d48bf00000) (1024K)]
  0x0000024a6395bcf0 WorkerThread "GC Thread#3"                     [id=14352, stack(0x000000d48bf00000,0x000000d48c000000) (1024K)]
  0x0000024a6395c0a0 WorkerThread "GC Thread#4"                     [id=44984, stack(0x000000d48c000000,0x000000d48c100000) (1024K)]
  0x0000024a6395c450 WorkerThread "GC Thread#5"                     [id=5816, stack(0x000000d48c100000,0x000000d48c200000) (1024K)]
  0x0000024a630b6290 WorkerThread "GC Thread#6"                     [id=41992, stack(0x000000d48c200000,0x000000d48c300000) (1024K)]
  0x0000024a63b5d060 WorkerThread "GC Thread#7"                     [id=5348, stack(0x000000d48c500000,0x000000d48c600000) (1024K)]
  0x0000024a63d8d450 WorkerThread "GC Thread#8"                     [id=3180, stack(0x000000d48c900000,0x000000d48ca00000) (1024K)]
  0x0000024a63aa9970 WorkerThread "GC Thread#9"                     [id=39544, stack(0x000000d48ca00000,0x000000d48cb00000) (1024K)]
  0x0000024a63aa9d20 WorkerThread "GC Thread#10"                    [id=33316, stack(0x000000d48cb00000,0x000000d48cc00000) (1024K)]
  0x0000024a63eb2e10 WorkerThread "GC Thread#11"                    [id=14460, stack(0x000000d48ce00000,0x000000d48cf00000) (1024K)]
  0x0000024a63eb31c0 WorkerThread "GC Thread#12"                    [id=38700, stack(0x000000d48cf00000,0x000000d48d000000) (1024K)]
Total: 15

Threads with active compile tasks:
C2 CompilerThread0  7615 7686       4       java.util.Spliterators$1Adapter::hasNext (23 bytes)
C2 CompilerThread1  7615 7205   !   4       com.google.inject.spi.InjectionPoint::getInjectionPoints (489 bytes)
C2 CompilerThread2  7615 7692       4       java.util.ArrayList::hashCodeRange (68 bytes)
C2 CompilerThread3  7616 7688       4       jdk.internal.jrtfs.JrtPath::getResolvedPath (39 bytes)
C2 CompilerThread4  7616 7684       4       jdk.internal.jimage.ImageLocation::getFullName (109 bytes)
Total: 5

VM state: at safepoint (normal execution)

VM Mutex/Monitor currently owned by a thread:  ([mutex/lock_event])
[0x00007ffb872fe560] Threads_lock - owner thread: 0x0000024a5d184ba0
[0x00007ffb872fe660] Heap_lock - owner thread: 0x0000024a65c3a1c0

Heap address: 0x0000000080000000, size: 2048 MB, Compressed Oops mode: 32-bit

CDS archive(s) mapped at: [0x0000024a1b000000-0x0000024a1bba0000-0x0000024a1bba0000), size 12189696, SharedBaseAddress: 0x0000024a1b000000, ArchiveRelocationMode: 1.
Compressed class space mapped at: 0x0000024a1c000000-0x0000024a5c000000, reserved size: 1073741824
Narrow klass base: 0x0000024a1b000000, Narrow klass shift: 0, Narrow klass range: 0x100000000

GC Precious Log:
 CardTable entry size: 512
 CPUs: 16 total, 16 available
 Memory: 14188M
 Large Page Support: Disabled
 NUMA Support: Disabled
 Compressed Oops: Enabled (32-bit)
 Alignments: Space 512K, Generation 512K, Heap 2M
 Heap Min Capacity: 100M
 Heap Initial Capacity: 100M
 Heap Max Capacity: 2G
 Pre-touch: Disabled
 Parallel Workers: 13

Heap:
 PSYoungGen      total 22528K, used 21240K [0x00000000d5580000, 0x00000000d7600000, 0x0000000100000000)
  eden space 19968K, 100% used [0x00000000d5580000,0x00000000d6900000,0x00000000d6900000)
  from space 2560K, 49% used [0x00000000d7100000,0x00000000d723e1c8,0x00000000d7380000)
  to   space 2048K, 98% used [0x00000000d7400000,0x00000000d75f8010,0x00000000d7600000)
 ParOldGen       total 68608K, used 40832K [0x0000000080000000, 0x0000000084300000, 0x00000000d5580000)
  object space 68608K, 59% used [0x0000000080000000,0x00000000827e01d8,0x0000000084300000)
 Metaspace       used 49118K, committed 50432K, reserved 1114112K
  class space    used 5303K, committed 5888K, reserved 1048576K

Card table byte_map: [0x0000024a03d30000,0x0000024a04140000] _byte_map_base: 0x0000024a03930000

Marking Bits: (ParMarkBitMap*) 0x00007ffb87303450
 Begin Bits: [0x0000024a16840000, 0x0000024a18840000)
 End Bits:   [0x0000024a18840000, 0x0000024a1a840000)

Polling page: 0x0000024a02170000

Metaspace:

Usage:
  Non-class:     42.79 MB used.
      Class:      5.18 MB used.
       Both:     47.97 MB used.

Virtual space:
  Non-class space:       64.00 MB reserved,      43.50 MB ( 68%) committed,  1 nodes.
      Class space:        1.00 GB reserved,       5.75 MB ( <1%) committed,  1 nodes.
             Both:        1.06 GB reserved,      49.25 MB (  5%) committed. 

Chunk freelists:
   Non-Class:  4.08 MB
       Class:  10.06 MB
        Both:  14.14 MB

MaxMetaspaceSize: unlimited
CompressedClassSpaceSize: 1.00 GB
Initial GC threshold: 21.00 MB
Current GC threshold: 58.38 MB
CDS: on
 - commit_granule_bytes: 65536.
 - commit_granule_words: 8192.
 - virtual_space_node_default_size: 8388608.
 - enlarge_chunks_in_place: 1.
 - use_allocation_guard: 0.


Internal statistics:

num_allocs_failed_limit: 6.
num_arena_births: 1016.
num_arena_deaths: 14.
num_vsnodes_births: 2.
num_vsnodes_deaths: 0.
num_space_committed: 788.
num_space_uncommitted: 0.
num_chunks_returned_to_freelist: 20.
num_chunks_taken_from_freelist: 3224.
num_chunk_merges: 12.
num_chunk_splits: 2028.
num_chunks_enlarged: 1181.
num_inconsistent_stats: 0.

CodeHeap 'non-profiled nmethods': size=119168Kb used=3714Kb max_used=3714Kb free=115453Kb
 bounds [0x0000024a0f130000, 0x0000024a0f4e0000, 0x0000024a16590000]
CodeHeap 'profiled nmethods': size=119104Kb used=15465Kb max_used=15465Kb free=103638Kb
 bounds [0x0000024a07590000, 0x0000024a084b0000, 0x0000024a0e9e0000]
CodeHeap 'non-nmethods': size=7488Kb used=3065Kb max_used=3124Kb free=4422Kb
 bounds [0x0000024a0e9e0000, 0x0000024a0ed60000, 0x0000024a0f130000]
CodeCache: size=245760Kb, used=22244Kb, max_used=22303Kb, free=223513Kb
 total_blobs=7797, nmethods=7117, adapters=583, full_count=0
Compilation: enabled, stopped_count=0, restarted_count=0

Compilation events (20 events):
Event: 7.536 Thread 0x0000024a5d29ef00 nmethod 7514 0x0000024a08453190 code [0x0000024a08453480, 0x0000024a084540c0]
Event: 7.536 Thread 0x0000024a5d29ef00 7516       3       java.nio.HeapByteBuffer::asIntBuffer (67 bytes)
Event: 7.536 Thread 0x0000024a5d1aa310 nmethod 7519 0x0000024a08454610 code [0x0000024a08454820, 0x0000024a08454eb8]
Event: 7.536 Thread 0x0000024a5d29ef00 nmethod 7516 0x0000024a08455110 code [0x0000024a084552e0, 0x0000024a08455618]
Event: 7.536 Thread 0x0000024a5d29f760 nmethod 7515 0x0000024a08455790 code [0x0000024a084559a0, 0x0000024a08456090]
Event: 7.536 Thread 0x0000024a5d1aa310 7517       3       java.nio.ByteBufferAsIntBufferL::<init> (50 bytes)
Event: 7.537 Thread 0x0000024a5d29ef00 7523       3       jdk.internal.jimage.ImageLocation::verifyName (161 bytes)
Event: 7.537 Thread 0x0000024a5d1aa310 nmethod 7517 0x0000024a08456390 code [0x0000024a08456540, 0x0000024a084566e0]
Event: 7.537 Thread 0x0000024a64cde800 nmethod 7520 0x0000024a08456790 code [0x0000024a08456ba0, 0x0000024a08458350]
Event: 7.537 Thread 0x0000024a66763b00 nmethod 7522 0x0000024a0f4b5590 code [0x0000024a0f4b5720, 0x0000024a0f4b5810]
Event: 7.537 Thread 0x0000024a66763b00 7524       4       jdk.internal.jimage.ImageStringsReader::unmaskedHashCode (166 bytes)
Event: 7.538 Thread 0x0000024a5d29ef00 nmethod 7523 0x0000024a08458e90 code [0x0000024a084591e0, 0x0000024a0845a720]
Event: 7.538 Thread 0x0000024a64b3ad90 nmethod 7485 0x0000024a0f4b5910 code [0x0000024a0f4b5aa0, 0x0000024a0f4b5dd0]
Event: 7.539 Thread 0x0000024a64b3ad90 7526       4       jdk.internal.jimage.ImageLocation::readValue (61 bytes)
Event: 7.540 Thread 0x0000024a66763b00 nmethod 7524 0x0000024a0f4b5f90 code [0x0000024a0f4b6140, 0x0000024a0f4b6338]
Event: 7.540 Thread 0x0000024a66763b00 7525       4       jdk.internal.jimage.ImageStringsReader::stringFromByteBufferMatches (138 bytes)
Event: 7.544 Thread 0x0000024a64b3ad90 nmethod 7526 0x0000024a0f4b6590 code [0x0000024a0f4b6720, 0x0000024a0f4b68e8]
Event: 7.544 Thread 0x0000024a64b3ad90 7528       4       jdk.internal.jimage.ImageLocation::getAttribute (44 bytes)
Event: 7.545 Thread 0x0000024a64b3ad90 nmethod 7528 0x0000024a0f4b6a10 code [0x0000024a0f4b6ba0, 0x0000024a0f4b6c88]
Event: 7.545 Thread 0x0000024a64b3ad90 7527       4       java.lang.String::<init> (16 bytes)

GC Heap History (20 events):
Event: 5.613 GC heap before
{Heap before GC invocations=14 (full 1):
 PSYoungGen      total 24064K, used 10966K [0x00000000d5580000, 0x00000000d7500000, 0x0000000100000000)
  eden space 22016K, 40% used [0x00000000d5580000,0x00000000d5e39980,0x00000000d6b00000)
  from space 2048K, 99% used [0x00000000d7080000,0x00000000d727c030,0x00000000d7280000)
  to   space 5120K, 0% used [0x00000000d6b00000,0x00000000d6b00000,0x00000000d7000000)
 ParOldGen       total 68608K, used 19446K [0x0000000080000000, 0x0000000084300000, 0x00000000d5580000)
  object space 68608K, 28% used [0x0000000080000000,0x00000000812fd8d8,0x0000000084300000)
 Metaspace       used 34630K, committed 35840K, reserved 1114112K
  class space    used 3530K, committed 4096K, reserved 1048576K
}
Event: 5.615 GC heap after
{Heap after GC invocations=14 (full 1):
 PSYoungGen      total 23040K, used 992K [0x00000000d5580000, 0x00000000d7100000, 0x0000000100000000)
  eden space 22016K, 0% used [0x00000000d5580000,0x00000000d5580000,0x00000000d6b00000)
  from space 1024K, 96% used [0x00000000d6b00000,0x00000000d6bf8000,0x00000000d6c00000)
  to   space 2560K, 0% used [0x00000000d6e80000,0x00000000d6e80000,0x00000000d7100000)
 ParOldGen       total 68608K, used 21338K [0x0000000080000000, 0x0000000084300000, 0x00000000d5580000)
  object space 68608K, 31% used [0x0000000080000000,0x00000000814d68b0,0x0000000084300000)
 Metaspace       used 34630K, committed 35840K, reserved 1114112K
  class space    used 3530K, committed 4096K, reserved 1048576K
}
Event: 5.615 GC heap before
{Heap before GC invocations=15 (full 2):
 PSYoungGen      total 23040K, used 992K [0x00000000d5580000, 0x00000000d7100000, 0x0000000100000000)
  eden space 22016K, 0% used [0x00000000d5580000,0x00000000d5580000,0x00000000d6b00000)
  from space 1024K, 96% used [0x00000000d6b00000,0x00000000d6bf8000,0x00000000d6c00000)
  to   space 2560K, 0% used [0x00000000d6e80000,0x00000000d6e80000,0x00000000d7100000)
 ParOldGen       total 68608K, used 21338K [0x0000000080000000, 0x0000000084300000, 0x00000000d5580000)
  object space 68608K, 31% used [0x0000000080000000,0x00000000814d68b0,0x0000000084300000)
 Metaspace       used 34630K, committed 35840K, reserved 1114112K
  class space    used 3530K, committed 4096K, reserved 1048576K
}
Event: 5.638 GC heap after
{Heap after GC invocations=15 (full 2):
 PSYoungGen      total 23040K, used 0K [0x00000000d5580000, 0x00000000d7100000, 0x0000000100000000)
  eden space 22016K, 0% used [0x00000000d5580000,0x00000000d5580000,0x00000000d6b00000)
  from space 1024K, 0% used [0x00000000d6b00000,0x00000000d6b00000,0x00000000d6c00000)
  to   space 2560K, 0% used [0x00000000d6e80000,0x00000000d6e80000,0x00000000d7100000)
 ParOldGen       total 68608K, used 21069K [0x0000000080000000, 0x0000000084300000, 0x00000000d5580000)
  object space 68608K, 30% used [0x0000000080000000,0x0000000081493438,0x0000000084300000)
 Metaspace       used 34630K, committed 35840K, reserved 1114112K
  class space    used 3530K, committed 4096K, reserved 1048576K
}
Event: 5.890 GC heap before
{Heap before GC invocations=16 (full 2):
 PSYoungGen      total 23040K, used 22015K [0x00000000d5580000, 0x00000000d7100000, 0x0000000100000000)
  eden space 22016K, 99% used [0x00000000d5580000,0x00000000d6afffe8,0x00000000d6b00000)
  from space 1024K, 0% used [0x00000000d6b00000,0x00000000d6b00000,0x00000000d6c00000)
  to   space 2560K, 0% used [0x00000000d6e80000,0x00000000d6e80000,0x00000000d7100000)
 ParOldGen       total 68608K, used 21069K [0x0000000080000000, 0x0000000084300000, 0x00000000d5580000)
  object space 68608K, 30% used [0x0000000080000000,0x0000000081493438,0x0000000084300000)
 Metaspace       used 36759K, committed 38080K, reserved 1114112K
  class space    used 3742K, committed 4352K, reserved 1048576K
}
Event: 5.892 GC heap after
{Heap after GC invocations=16 (full 2):
 PSYoungGen      total 22528K, used 2560K [0x00000000d5580000, 0x00000000d7600000, 0x0000000100000000)
  eden space 19968K, 0% used [0x00000000d5580000,0x00000000d5580000,0x00000000d6900000)
  from space 2560K, 100% used [0x00000000d6e80000,0x00000000d7100000,0x00000000d7100000)
  to   space 5632K, 0% used [0x00000000d6900000,0x00000000d6900000,0x00000000d6e80000)
 ParOldGen       total 68608K, used 23183K [0x0000000080000000, 0x0000000084300000, 0x00000000d5580000)
  object space 68608K, 33% used [0x0000000080000000,0x00000000816a3f70,0x0000000084300000)
 Metaspace       used 36759K, committed 38080K, reserved 1114112K
  class space    used 3742K, committed 4352K, reserved 1048576K
}
Event: 6.048 GC heap before
{Heap before GC invocations=17 (full 2):
 PSYoungGen      total 22528K, used 22528K [0x00000000d5580000, 0x00000000d7600000, 0x0000000100000000)
  eden space 19968K, 100% used [0x00000000d5580000,0x00000000d6900000,0x00000000d6900000)
  from space 2560K, 100% used [0x00000000d6e80000,0x00000000d7100000,0x00000000d7100000)
  to   space 5632K, 0% used [0x00000000d6900000,0x00000000d6900000,0x00000000d6e80000)
 ParOldGen       total 68608K, used 23183K [0x0000000080000000, 0x0000000084300000, 0x00000000d5580000)
  object space 68608K, 33% used [0x0000000080000000,0x00000000816a3f70,0x0000000084300000)
 Metaspace       used 37961K, committed 39232K, reserved 1114112K
  class space    used 3910K, committed 4480K, reserved 1048576K
}
Event: 6.054 GC heap after
{Heap after GC invocations=17 (full 2):
 PSYoungGen      total 25600K, used 5618K [0x00000000d5580000, 0x00000000d8400000, 0x0000000100000000)
  eden space 19968K, 0% used [0x00000000d5580000,0x00000000d5580000,0x00000000d6900000)
  from space 5632K, 99% used [0x00000000d6900000,0x00000000d6e7c8b8,0x00000000d6e80000)
  to   space 13824K, 0% used [0x00000000d7680000,0x00000000d7680000,0x00000000d8400000)
 ParOldGen       total 68608K, used 29904K [0x0000000080000000, 0x0000000084300000, 0x00000000d5580000)
  object space 68608K, 43% used [0x0000000080000000,0x0000000081d340e0,0x0000000084300000)
 Metaspace       used 37961K, committed 39232K, reserved 1114112K
  class space    used 3910K, committed 4480K, reserved 1048576K
}
Event: 6.272 GC heap before
{Heap before GC invocations=18 (full 2):
 PSYoungGen      total 25600K, used 25586K [0x00000000d5580000, 0x00000000d8400000, 0x0000000100000000)
  eden space 19968K, 100% used [0x00000000d5580000,0x00000000d6900000,0x00000000d6900000)
  from space 5632K, 99% used [0x00000000d6900000,0x00000000d6e7c8b8,0x00000000d6e80000)
  to   space 13824K, 0% used [0x00000000d7680000,0x00000000d7680000,0x00000000d8400000)
 ParOldGen       total 68608K, used 29904K [0x0000000080000000, 0x0000000084300000, 0x00000000d5580000)
  object space 68608K, 43% used [0x0000000080000000,0x0000000081d340e0,0x0000000084300000)
 Metaspace       used 39433K, committed 40768K, reserved 1114112K
  class space    used 4134K, committed 4736K, reserved 1048576K
}
Event: 6.276 GC heap after
{Heap after GC invocations=18 (full 2):
 PSYoungGen      total 20992K, used 672K [0x00000000d5580000, 0x00000000d7780000, 0x0000000100000000)
  eden space 19968K, 0% used [0x00000000d5580000,0x00000000d5580000,0x00000000d6900000)
  from space 1024K, 65% used [0x00000000d7680000,0x00000000d7728000,0x00000000d7780000)
  to   space 5120K, 0% used [0x00000000d6d80000,0x00000000d6d80000,0x00000000d7280000)
 ParOldGen       total 68608K, used 35611K [0x0000000080000000, 0x0000000084300000, 0x00000000d5580000)
  object space 68608K, 51% used [0x0000000080000000,0x00000000822c6c78,0x0000000084300000)
 Metaspace       used 39433K, committed 40768K, reserved 1114112K
  class space    used 4134K, committed 4736K, reserved 1048576K
}
Event: 6.494 GC heap before
{Heap before GC invocations=19 (full 2):
 PSYoungGen      total 20992K, used 20640K [0x00000000d5580000, 0x00000000d7780000, 0x0000000100000000)
  eden space 19968K, 100% used [0x00000000d5580000,0x00000000d6900000,0x00000000d6900000)
  from space 1024K, 65% used [0x00000000d7680000,0x00000000d7728000,0x00000000d7780000)
  to   space 5120K, 0% used [0x00000000d6d80000,0x00000000d6d80000,0x00000000d7280000)
 ParOldGen       total 68608K, used 35611K [0x0000000080000000, 0x0000000084300000, 0x00000000d5580000)
  object space 68608K, 51% used [0x0000000080000000,0x00000000822c6c78,0x0000000084300000)
 Metaspace       used 41062K, committed 42432K, reserved 1114112K
  class space    used 4343K, committed 4928K, reserved 1048576K
}
Event: 6.495 GC heap after
{Heap after GC invocations=19 (full 2):
 PSYoungGen      total 25088K, used 672K [0x00000000d5580000, 0x00000000d7700000, 0x0000000100000000)
  eden space 19968K, 0% used [0x00000000d5580000,0x00000000d5580000,0x00000000d6900000)
  from space 5120K, 13% used [0x00000000d6d80000,0x00000000d6e28000,0x00000000d7280000)
  to   space 1536K, 0% used [0x00000000d7580000,0x00000000d7580000,0x00000000d7700000)
 ParOldGen       total 68608K, used 36059K [0x0000000080000000, 0x0000000084300000, 0x00000000d5580000)
  object space 68608K, 52% used [0x0000000080000000,0x0000000082336c78,0x0000000084300000)
 Metaspace       used 41062K, committed 42432K, reserved 1114112K
  class space    used 4343K, committed 4928K, reserved 1048576K
}
Event: 6.722 GC heap before
{Heap before GC invocations=20 (full 2):
 PSYoungGen      total 25088K, used 20640K [0x00000000d5580000, 0x00000000d7700000, 0x0000000100000000)
  eden space 19968K, 100% used [0x00000000d5580000,0x00000000d6900000,0x00000000d6900000)
  from space 5120K, 13% used [0x00000000d6d80000,0x00000000d6e28000,0x00000000d7280000)
  to   space 1536K, 0% used [0x00000000d7580000,0x00000000d7580000,0x00000000d7700000)
 ParOldGen       total 68608K, used 36059K [0x0000000080000000, 0x0000000084300000, 0x00000000d5580000)
  object space 68608K, 52% used [0x0000000080000000,0x0000000082336c78,0x0000000084300000)
 Metaspace       used 43247K, committed 44608K, reserved 1114112K
  class space    used 4626K, committed 5248K, reserved 1048576K
}
Event: 6.723 GC heap after
{Heap after GC invocations=20 (full 2):
 PSYoungGen      total 21504K, used 1088K [0x00000000d5580000, 0x00000000d7700000, 0x0000000100000000)
  eden space 19968K, 0% used [0x00000000d5580000,0x00000000d5580000,0x00000000d6900000)
  from space 1536K, 70% used [0x00000000d7580000,0x00000000d7690000,0x00000000d7700000)
  to   space 1536K, 0% used [0x00000000d7400000,0x00000000d7400000,0x00000000d7580000)
 ParOldGen       total 68608K, used 36507K [0x0000000080000000, 0x0000000084300000, 0x00000000d5580000)
  object space 68608K, 53% used [0x0000000080000000,0x00000000823a6c78,0x0000000084300000)
 Metaspace       used 43247K, committed 44608K, reserved 1114112K
  class space    used 4626K, committed 5248K, reserved 1048576K
}
Event: 7.004 GC heap before
{Heap before GC invocations=21 (full 2):
 PSYoungGen      total 21504K, used 21056K [0x00000000d5580000, 0x00000000d7700000, 0x0000000100000000)
  eden space 19968K, 100% used [0x00000000d5580000,0x00000000d6900000,0x00000000d6900000)
  from space 1536K, 70% used [0x00000000d7580000,0x00000000d7690000,0x00000000d7700000)
  to   space 1536K, 0% used [0x00000000d7400000,0x00000000d7400000,0x00000000d7580000)
 ParOldGen       total 68608K, used 36507K [0x0000000080000000, 0x0000000084300000, 0x00000000d5580000)
  object space 68608K, 53% used [0x0000000080000000,0x00000000823a6c78,0x0000000084300000)
 Metaspace       used 45528K, committed 46848K, reserved 1114112K
  class space    used 4934K, committed 5504K, reserved 1048576K
}
Event: 7.006 GC heap after
{Heap after GC invocations=21 (full 2):
 PSYoungGen      total 21504K, used 1376K [0x00000000d5580000, 0x00000000d7600000, 0x0000000100000000)
  eden space 19968K, 0% used [0x00000000d5580000,0x00000000d5580000,0x00000000d6900000)
  from space 1536K, 89% used [0x00000000d7400000,0x00000000d7558000,0x00000000d7580000)
  to   space 512K, 0% used [0x00000000d7580000,0x00000000d7580000,0x00000000d7600000)
 ParOldGen       total 68608K, used 37418K [0x0000000080000000, 0x0000000084300000, 0x00000000d5580000)
  object space 68608K, 54% used [0x0000000080000000,0x000000008248a978,0x0000000084300000)
 Metaspace       used 45528K, committed 46848K, reserved 1114112K
  class space    used 4934K, committed 5504K, reserved 1048576K
}
Event: 7.274 GC heap before
{Heap before GC invocations=22 (full 2):
 PSYoungGen      total 21504K, used 21344K [0x00000000d5580000, 0x00000000d7600000, 0x0000000100000000)
  eden space 19968K, 100% used [0x00000000d5580000,0x00000000d6900000,0x00000000d6900000)
  from space 1536K, 89% used [0x00000000d7400000,0x00000000d7558000,0x00000000d7580000)
  to   space 512K, 0% used [0x00000000d7580000,0x00000000d7580000,0x00000000d7600000)
 ParOldGen       total 68608K, used 37418K [0x0000000080000000, 0x0000000084300000, 0x00000000d5580000)
  object space 68608K, 54% used [0x0000000080000000,0x000000008248a978,0x0000000084300000)
 Metaspace       used 47375K, committed 48576K, reserved 1114112K
  class space    used 5134K, committed 5696K, reserved 1048576K
}
Event: 7.276 GC heap after
{Heap after GC invocations=22 (full 2):
 PSYoungGen      total 20480K, used 496K [0x00000000d5580000, 0x00000000d7600000, 0x0000000100000000)
  eden space 19968K, 0% used [0x00000000d5580000,0x00000000d5580000,0x00000000d6900000)
  from space 512K, 96% used [0x00000000d7580000,0x00000000d75fc020,0x00000000d7600000)
  to   space 2560K, 0% used [0x00000000d7100000,0x00000000d7100000,0x00000000d7380000)
 ParOldGen       total 68608K, used 39232K [0x0000000080000000, 0x0000000084300000, 0x00000000d5580000)
  object space 68608K, 57% used [0x0000000080000000,0x0000000082650268,0x0000000084300000)
 Metaspace       used 47375K, committed 48576K, reserved 1114112K
  class space    used 5134K, committed 5696K, reserved 1048576K
}
Event: 7.494 GC heap before
{Heap before GC invocations=23 (full 2):
 PSYoungGen      total 20480K, used 20464K [0x00000000d5580000, 0x00000000d7600000, 0x0000000100000000)
  eden space 19968K, 100% used [0x00000000d5580000,0x00000000d6900000,0x00000000d6900000)
  from space 512K, 96% used [0x00000000d7580000,0x00000000d75fc020,0x00000000d7600000)
  to   space 2560K, 0% used [0x00000000d7100000,0x00000000d7100000,0x00000000d7380000)
 ParOldGen       total 68608K, used 39232K [0x0000000080000000, 0x0000000084300000, 0x00000000d5580000)
  object space 68608K, 57% used [0x0000000080000000,0x0000000082650268,0x0000000084300000)
 Metaspace       used 48646K, committed 49984K, reserved 1114112K
  class space    used 5264K, committed 5888K, reserved 1048576K
}
Event: 7.495 GC heap after
{Heap after GC invocations=23 (full 2):
 PSYoungGen      total 22528K, used 1272K [0x00000000d5580000, 0x00000000d7600000, 0x0000000100000000)
  eden space 19968K, 0% used [0x00000000d5580000,0x00000000d5580000,0x00000000d6900000)
  from space 2560K, 49% used [0x00000000d7100000,0x00000000d723e1c8,0x00000000d7380000)
  to   space 2048K, 0% used [0x00000000d7400000,0x00000000d7400000,0x00000000d7600000)
 ParOldGen       total 68608K, used 39722K [0x0000000080000000, 0x0000000084300000, 0x00000000d5580000)
  object space 68608K, 57% used [0x0000000080000000,0x00000000826ca8d8,0x0000000084300000)
 Metaspace       used 48646K, committed 49984K, reserved 1114112K
  class space    used 5264K, committed 5888K, reserved 1048576K
}

Dll operation events (10 events):
Event: 0.013 Loaded shared library c:\Users\beatr\.vscode\extensions\redhat.java-1.54.0-win32-x64\jre\21.0.10-win32-x86_64\bin\java.dll
Event: 0.070 Loaded shared library c:\Users\beatr\.vscode\extensions\redhat.java-1.54.0-win32-x64\jre\21.0.10-win32-x86_64\bin\zip.dll
Event: 0.091 Loaded shared library C:\Users\beatr\.vscode\extensions\redhat.java-1.54.0-win32-x64\jre\21.0.10-win32-x86_64\bin\instrument.dll
Event: 0.097 Loaded shared library C:\Users\beatr\.vscode\extensions\redhat.java-1.54.0-win32-x64\jre\21.0.10-win32-x86_64\bin\net.dll
Event: 0.099 Loaded shared library C:\Users\beatr\.vscode\extensions\redhat.java-1.54.0-win32-x64\jre\21.0.10-win32-x86_64\bin\nio.dll
Event: 0.102 Loaded shared library C:\Users\beatr\.vscode\extensions\redhat.java-1.54.0-win32-x64\jre\21.0.10-win32-x86_64\bin\zip.dll
Event: 0.119 Loaded shared library C:\Users\beatr\.vscode\extensions\redhat.java-1.54.0-win32-x64\jre\21.0.10-win32-x86_64\bin\jimage.dll
Event: 0.178 Loaded shared library c:\Users\beatr\.vscode\extensions\redhat.java-1.54.0-win32-x64\jre\21.0.10-win32-x86_64\bin\verify.dll
Event: 1.184 Loaded shared library C:\Users\beatr\AppData\Roaming\Code\User\globalStorage\redhat.java\1.54.0\config_win\org.eclipse.equinox.launcher\org.eclipse.equinox.launcher.win32.win32.x86_64_1.3.0.v20260203-2149\eclipse_11919.dll
Event: 4.193 Loaded shared library C:\Users\beatr\AppData\Local\Temp\jna-93610876\jna10618527380397680387.dll

Deoptimization events (20 events):
Event: 7.388 Thread 0x0000024a63db1a50 DEOPT PACKING pc=0x0000024a08041bc6 sp=0x000000d48d8fe930
Event: 7.388 Thread 0x0000024a63db1a50 DEOPT UNPACKING pc=0x0000024a0ea34242 sp=0x000000d48d8fdeb0 mode 0
Event: 7.388 Thread 0x0000024a63db1a50 Uncommon trap: trap_request=0xffffff45 fr.pc=0x0000024a0f1f55ec relative=0x000000000000004c
Event: 7.388 Thread 0x0000024a63db1a50 Uncommon trap: reason=unstable_if action=reinterpret pc=0x0000024a0f1f55ec method=sun.nio.fs.WindowsPathParser.isSlash(C)Z @ 9 c2
Event: 7.388 Thread 0x0000024a63db1a50 DEOPT PACKING pc=0x0000024a0f1f55ec sp=0x000000d48d8fe9c0
Event: 7.388 Thread 0x0000024a63db1a50 DEOPT UNPACKING pc=0x0000024a0ea33aa2 sp=0x000000d48d8fe948 mode 2
Event: 7.430 Thread 0x0000024a6329a160 Uncommon trap: trap_request=0xffffff45 fr.pc=0x0000024a0f3e3c0c relative=0x000000000000032c
Event: 7.430 Thread 0x0000024a6329a160 Uncommon trap: reason=unstable_if action=reinterpret pc=0x0000024a0f3e3c0c method=java.lang.ThreadLocal$ThreadLocalMap.set(Ljava/lang/ThreadLocal;Ljava/lang/Object;)V @ 116 c2
Event: 7.430 Thread 0x0000024a6329a160 DEOPT PACKING pc=0x0000024a0f3e3c0c sp=0x000000d48bcfe3e0
Event: 7.430 Thread 0x0000024a6329a160 DEOPT UNPACKING pc=0x0000024a0ea33aa2 sp=0x000000d48bcfe380 mode 2
Event: 7.431 Thread 0x0000024a65c3a1c0 DEOPT PACKING pc=0x0000024a081a86bc sp=0x000000d48edf5940
Event: 7.431 Thread 0x0000024a65c3a1c0 DEOPT UNPACKING pc=0x0000024a0ea34242 sp=0x000000d48edf4e60 mode 0
Event: 7.442 Thread 0x0000024a65c3a1c0 Uncommon trap: trap_request=0xffffff45 fr.pc=0x0000024a0f1b6010 relative=0x0000000000000e90
Event: 7.442 Thread 0x0000024a65c3a1c0 Uncommon trap: reason=unstable_if action=reinterpret pc=0x0000024a0f1b6010 method=org.eclipse.core.runtime.Path.toOSString()Ljava/lang/String; @ 109 c2
Event: 7.442 Thread 0x0000024a65c3a1c0 DEOPT PACKING pc=0x0000024a0f1b6010 sp=0x000000d48edfdf70
Event: 7.442 Thread 0x0000024a65c3a1c0 DEOPT UNPACKING pc=0x0000024a0ea33aa2 sp=0x000000d48edfdf30 mode 2
Event: 7.443 Thread 0x0000024a65c3a1c0 Uncommon trap: trap_request=0xffffff45 fr.pc=0x0000024a0f1bdd70 relative=0x00000000000019d0
Event: 7.443 Thread 0x0000024a65c3a1c0 Uncommon trap: reason=unstable_if action=reinterpret pc=0x0000024a0f1bdd70 method=org.eclipse.core.runtime.Path.computeSegmentCount(Ljava/lang/String;)I @ 11 c2
Event: 7.443 Thread 0x0000024a65c3a1c0 DEOPT PACKING pc=0x0000024a0f1bdd70 sp=0x000000d48edfde70
Event: 7.443 Thread 0x0000024a65c3a1c0 DEOPT UNPACKING pc=0x0000024a0ea33aa2 sp=0x000000d48edfddb8 mode 2

Classes loaded (20 events):
Event: 7.504 Loading class sun/nio/ch/FileChannelImpl$DefaultUnmapper
Event: 7.504 Loading class sun/nio/ch/FileChannelImpl$Unmapper
Event: 7.504 Loading class jdk/internal/access/foreign/UnmapperProxy
Event: 7.504 Loading class jdk/internal/access/foreign/UnmapperProxy done
Event: 7.504 Loading class sun/nio/ch/FileChannelImpl$Unmapper done
Event: 7.504 Loading class sun/nio/ch/FileChannelImpl$DefaultUnmapper done
Event: 7.505 Loading class sun/nio/ch/Util$4
Event: 7.505 Loading class sun/nio/ch/Util$4 done
Event: 7.511 Loading class java/nio/file/ClosedDirectoryStreamException
Event: 7.511 Loading class java/nio/file/ClosedDirectoryStreamException done
Event: 7.512 Loading class jdk/internal/jrtfs/JrtFileSystem
Event: 7.512 Loading class jdk/internal/jrtfs/JrtFileSystem done
Event: 7.512 Loading class jdk/internal/jrtfs/JrtPath
Event: 7.512 Loading class jdk/internal/jrtfs/JrtPath done
Event: 7.512 Loading class jdk/internal/jimage/ImageReader$Node
Event: 7.512 Loading class jdk/internal/jimage/ImageReader$Node done
Event: 7.517 Loading class java/nio/ByteBufferAsIntBufferL
Event: 7.517 Loading class java/nio/ByteBufferAsIntBufferL done
Event: 7.519 Loading class jdk/internal/jimage/ImageReader$Directory
Event: 7.519 Loading class jdk/internal/jimage/ImageReader$Directory done

Classes unloaded (7 events):
Event: 4.666 Thread 0x0000024a5d184ba0 Unloading class 0x0000024a1c1a3400 'java/lang/invoke/LambdaForm$MH+0x0000024a1c1a3400'
Event: 4.666 Thread 0x0000024a5d184ba0 Unloading class 0x0000024a1c1a3000 'java/lang/invoke/LambdaForm$MH+0x0000024a1c1a3000'
Event: 4.666 Thread 0x0000024a5d184ba0 Unloading class 0x0000024a1c1a2c00 'java/lang/invoke/LambdaForm$MH+0x0000024a1c1a2c00'
Event: 4.666 Thread 0x0000024a5d184ba0 Unloading class 0x0000024a1c1a2800 'java/lang/invoke/LambdaForm$MH+0x0000024a1c1a2800'
Event: 4.666 Thread 0x0000024a5d184ba0 Unloading class 0x0000024a1c1a2400 'java/lang/invoke/LambdaForm$BMH+0x0000024a1c1a2400'
Event: 4.666 Thread 0x0000024a5d184ba0 Unloading class 0x0000024a1c1a2000 'java/lang/invoke/LambdaForm$DMH+0x0000024a1c1a2000'
Event: 4.666 Thread 0x0000024a5d184ba0 Unloading class 0x0000024a1c1a0c00 'java/lang/invoke/LambdaForm$DMH+0x0000024a1c1a0c00'

Classes redefined (0 events):
No events

Internal exceptions (20 events):
Event: 7.250 Thread 0x0000024a63db1a50 Exception <a 'sun/nio/fs/WindowsException'{0x00000000d648f3c8}> (0x00000000d648f3c8) 
thrown [s\src\hotspot\share\prims\jni.cpp, line 520]
Event: 7.250 Thread 0x0000024a63db1a50 Exception <a 'sun/nio/fs/WindowsException'{0x00000000d64943c0}> (0x00000000d64943c0) 
thrown [s\src\hotspot\share\prims\jni.cpp, line 520]
Event: 7.250 Thread 0x0000024a63db1a50 Exception <a 'sun/nio/fs/WindowsException'{0x00000000d6494d80}> (0x00000000d6494d80) 
thrown [s\src\hotspot\share\prims\jni.cpp, line 520]
Event: 7.250 Thread 0x0000024a63db1a50 Exception <a 'sun/nio/fs/WindowsException'{0x00000000d64954f0}> (0x00000000d64954f0) 
thrown [s\src\hotspot\share\prims\jni.cpp, line 520]
Event: 7.250 Thread 0x0000024a63db1a50 Exception <a 'sun/nio/fs/WindowsException'{0x00000000d6495c78}> (0x00000000d6495c78) 
thrown [s\src\hotspot\share\prims\jni.cpp, line 520]
Event: 7.251 Thread 0x0000024a63db1a50 Exception <a 'sun/nio/fs/WindowsException'{0x00000000d649abf8}> (0x00000000d649abf8) 
thrown [s\src\hotspot\share\prims\jni.cpp, line 520]
Event: 7.251 Thread 0x0000024a63db1a50 Exception <a 'sun/nio/fs/WindowsException'{0x00000000d649b398}> (0x00000000d649b398) 
thrown [s\src\hotspot\share\prims\jni.cpp, line 520]
Event: 7.251 Thread 0x0000024a63db1a50 Exception <a 'sun/nio/fs/WindowsException'{0x00000000d649bb38}> (0x00000000d649bb38) 
thrown [s\src\hotspot\share\prims\jni.cpp, line 520]
Event: 7.251 Thread 0x0000024a63db1a50 Exception <a 'sun/nio/fs/WindowsException'{0x00000000d649c2f0}> (0x00000000d649c2f0) 
thrown [s\src\hotspot\share\prims\jni.cpp, line 520]
Event: 7.252 Thread 0x0000024a63db1a50 Exception <a 'sun/nio/fs/WindowsException'{0x00000000d64a45e0}> (0x00000000d64a45e0) 
thrown [s\src\hotspot\share\prims\jni.cpp, line 520]
Event: 7.253 Thread 0x0000024a63db1a50 Exception <a 'sun/nio/fs/WindowsException'{0x00000000d64a7b80}> (0x00000000d64a7b80) 
thrown [s\src\hotspot\share\prims\jni.cpp, line 520]
Event: 7.253 Thread 0x0000024a63db1a50 Exception <a 'sun/nio/fs/WindowsException'{0x00000000d64ab1e8}> (0x00000000d64ab1e8) 
thrown [s\src\hotspot\share\prims\jni.cpp, line 520]
Event: 7.254 Thread 0x0000024a63db1a50 Exception <a 'sun/nio/fs/WindowsException'{0x00000000d64aee60}> (0x00000000d64aee60) 
thrown [s\src\hotspot\share\prims\jni.cpp, line 520]
Event: 7.255 Thread 0x0000024a63db1a50 Exception <a 'sun/nio/fs/WindowsException'{0x00000000d64b2d78}> (0x00000000d64b2d78) 
thrown [s\src\hotspot\share\prims\jni.cpp, line 520]
Event: 7.384 Thread 0x0000024a63db1a50 Exception <a 'sun/nio/fs/WindowsException'{0x00000000d62ad4a8}> (0x00000000d62ad4a8) 
thrown [s\src\hotspot\share\prims\jni.cpp, line 520]
Event: 7.384 Thread 0x0000024a63db1a50 Exception <a 'sun/nio/fs/WindowsException'{0x00000000d62b11c8}> (0x00000000d62b11c8) 
thrown [s\src\hotspot\share\prims\jni.cpp, line 520]
Event: 7.385 Thread 0x0000024a63db1a50 Exception <a 'sun/nio/fs/WindowsException'{0x00000000d62b5220}> (0x00000000d62b5220) 
thrown [s\src\hotspot\share\prims\jni.cpp, line 520]
Event: 7.385 Thread 0x0000024a63db1a50 Exception <a 'sun/nio/fs/WindowsException'{0x00000000d62b98a0}> (0x00000000d62b98a0) 
thrown [s\src\hotspot\share\prims\jni.cpp, line 520]
Event: 7.386 Thread 0x0000024a63db1a50 Exception <a 'sun/nio/fs/WindowsException'{0x00000000d62be1d8}> (0x00000000d62be1d8) 
thrown [s\src\hotspot\share\prims\jni.cpp, line 520]
Event: 7.505 Thread 0x0000024a65c3a1c0 Exception <a 'java/lang/NoSuchMethodError'{0x00000000d5640bd8}: 'java.lang.Object java.lang.invoke.DelegatingMethodHandle$Holder.reinvoke_L(java.lang.Object, int, long, java.lang.Object, java.lang.Object, int, java.lang.Object)'> (0x00000000d5640bd8) 
thrown [s\src\hotspot\share\interpreter\linkResolver.cpp, line 773]

ZGC Phase Switch (0 events):
No events

VM Operations (20 events):
Event: 7.274 Executing safepoint VM operation: ParallelGCFailedAllocation (Allocation Failure)
Event: 7.276 Executing safepoint VM operation: ParallelGCFailedAllocation (Allocation Failure) done
Event: 7.378 Executing non-safepoint VM operation: HandshakeAllThreads (Deoptimize)
Event: 7.378 Executing non-safepoint VM operation: HandshakeAllThreads (Deoptimize) done
Event: 7.455 Executing non-safepoint VM operation: HandshakeAllThreads (Deoptimize)
Event: 7.456 Executing non-safepoint VM operation: HandshakeAllThreads (Deoptimize) done
Event: 7.458 Executing non-safepoint VM operation: HandshakeAllThreads (Deoptimize)
Event: 7.458 Executing non-safepoint VM operation: HandshakeAllThreads (Deoptimize) done
Event: 7.493 Executing non-safepoint VM operation: HandshakeAllThreads (Deoptimize)
Event: 7.494 Executing non-safepoint VM operation: HandshakeAllThreads (Deoptimize) done
Event: 7.494 Executing safepoint VM operation: ParallelGCFailedAllocation (Allocation Failure)
Event: 7.495 Executing safepoint VM operation: ParallelGCFailedAllocation (Allocation Failure) done
Event: 7.497 Executing non-safepoint VM operation: HandshakeAllThreads (Deoptimize)
Event: 7.497 Executing non-safepoint VM operation: HandshakeAllThreads (Deoptimize) done
Event: 7.518 Executing non-safepoint VM operation: HandshakeAllThreads (Deoptimize)
Event: 7.518 Executing non-safepoint VM operation: HandshakeAllThreads (Deoptimize) done
Event: 7.518 Executing non-safepoint VM operation: HandshakeAllThreads (Deoptimize)
Event: 7.519 Executing non-safepoint VM operation: HandshakeAllThreads (Deoptimize) done
Event: 7.545 Executing non-safepoint VM operation: HandshakeAllThreads (Deoptimize)
Event: 7.545 Executing non-safepoint VM operation: HandshakeAllThreads (Deoptimize) done

Memory protections (0 events):
No events

Nmethod flushes (20 events):
Event: 5.626 Thread 0x0000024a5d184ba0 flushing  nmethod 0x0000024a07bfdd10
Event: 5.626 Thread 0x0000024a5d184ba0 flushing  nmethod 0x0000024a07c08990
Event: 5.626 Thread 0x0000024a5d184ba0 flushing  nmethod 0x0000024a07c48d90
Event: 5.626 Thread 0x0000024a5d184ba0 flushing  nmethod 0x0000024a07c4d590
Event: 5.626 Thread 0x0000024a5d184ba0 flushing  nmethod 0x0000024a07c81390
Event: 5.626 Thread 0x0000024a5d184ba0 flushing  nmethod 0x0000024a07c81790
Event: 5.626 Thread 0x0000024a5d184ba0 flushing  nmethod 0x0000024a07c82090
Event: 5.626 Thread 0x0000024a5d184ba0 flushing  nmethod 0x0000024a07c83290
Event: 5.626 Thread 0x0000024a5d184ba0 flushing  nmethod 0x0000024a07c83f90
Event: 5.626 Thread 0x0000024a5d184ba0 flushing  nmethod 0x0000024a07c85790
Event: 5.626 Thread 0x0000024a5d184ba0 flushing  nmethod 0x0000024a07c85c90
Event: 5.626 Thread 0x0000024a5d184ba0 flushing  nmethod 0x0000024a07c86590
Event: 5.626 Thread 0x0000024a5d184ba0 flushing  nmethod 0x0000024a07c87990
Event: 5.626 Thread 0x0000024a5d184ba0 flushing  nmethod 0x0000024a07c88e90
Event: 5.626 Thread 0x0000024a5d184ba0 flushing  nmethod 0x0000024a07c8ae90
Event: 5.626 Thread 0x0000024a5d184ba0 flushing  nmethod 0x0000024a07cd2410
Event: 5.626 Thread 0x0000024a5d184ba0 flushing  nmethod 0x0000024a07cd4790
Event: 5.626 Thread 0x0000024a5d184ba0 flushing  nmethod 0x0000024a07cfb010
Event: 5.626 Thread 0x0000024a5d184ba0 flushing  nmethod 0x0000024a07d8a010
Event: 5.626 Thread 0x0000024a5d184ba0 flushing  nmethod 0x0000024a07de0210

Events (20 events):
Event: 5.464 Thread 0x0000024a0438e840 Thread added: 0x0000024a65c394a0
Event: 5.689 Thread 0x0000024a0438e840 Thread added: 0x0000024a65c3aee0
Event: 5.689 Thread 0x0000024a0438e840 Thread added: 0x0000024a65c3a1c0
Event: 5.870 Thread 0x0000024a63db20e0 Thread added: 0x0000024a65c3b570
Event: 5.870 Thread 0x0000024a63db20e0 Thread added: 0x0000024a65c3c920
Event: 5.871 Thread 0x0000024a65c3b570 Thread added: 0x0000024a65c3cfb0
Event: 5.871 Thread 0x0000024a65c3c920 Thread added: 0x0000024a65c39b30
Event: 5.871 Thread 0x0000024a65c3cfb0 Thread added: 0x0000024a65c3e360
Event: 5.872 Thread 0x0000024a65c39b30 Thread added: 0x0000024a65c40430
Event: 5.872 Thread 0x0000024a65c3e360 Thread added: 0x0000024a65c3fda0
Event: 5.872 Thread 0x0000024a65c40430 Thread added: 0x0000024a65c3f710
Event: 5.872 Thread 0x0000024a65c3fda0 Thread added: 0x0000024a65c3e9f0
Event: 5.873 Thread 0x0000024a65c3f710 Thread added: 0x0000024a65c3dcd0
Event: 5.873 Thread 0x0000024a65c3e9f0 Thread added: 0x0000024a65c40ac0
Event: 5.874 Thread 0x0000024a65c3dcd0 Thread added: 0x0000024a65c3f080
Event: 5.874 Thread 0x0000024a65c40ac0 Thread added: 0x0000024a65c3d640
Event: 5.875 Thread 0x0000024a65c3f080 Thread added: 0x0000024a6604eba0
Event: 5.875 Thread 0x0000024a65c3d640 Thread added: 0x0000024a66051300
Event: 7.209 Thread 0x0000024a63db1a50 Thread added: 0x0000024a660526b0
Event: 7.390 Thread 0x0000024a660526b0 Thread exited: 0x0000024a660526b0


Dynamic libraries:
0x00007ff67f0f0000 - 0x00007ff67f0fe000 	c:\Users\beatr\.vscode\extensions\redhat.java-1.54.0-win32-x64\jre\21.0.10-win32-x86_64\bin\java.exe
0x00007ffc93d80000 - 0x00007ffc93fe7000 	C:\WINDOWS\SYSTEM32\ntdll.dll
0x00007ffc92bf0000 - 0x00007ffc92cb9000 	C:\WINDOWS\System32\KERNEL32.DLL
0x00007ffc91670000 - 0x00007ffc91a67000 	C:\WINDOWS\System32\KERNELBASE.dll
0x00007ffc90870000 - 0x00007ffc909bb000 	C:\WINDOWS\System32\ucrtbase.dll
0x00007ffc69d20000 - 0x00007ffc69d38000 	c:\Users\beatr\.vscode\extensions\redhat.java-1.54.0-win32-x64\jre\21.0.10-win32-x86_64\bin\jli.dll
0x00007ffc8ada0000 - 0x00007ffc8adbe000 	c:\Users\beatr\.vscode\extensions\redhat.java-1.54.0-win32-x64\jre\21.0.10-win32-x86_64\bin\VCRUNTIME140.dll
0x00007ffc93060000 - 0x00007ffc93226000 	C:\WINDOWS\System32\USER32.dll
0x00007ffc7b760000 - 0x00007ffc7b9f2000 	C:\WINDOWS\WinSxS\amd64_microsoft.windows.common-controls_6595b64144ccf1df_6.0.26100.8457_none_3e0b2faee331e92d\COMCTL32.dll
0x00007ffc91640000 - 0x00007ffc91667000 	C:\WINDOWS\System32\win32u.dll
0x00007ffc927b0000 - 0x00007ffc92859000 	C:\WINDOWS\System32\msvcrt.dll
0x00007ffc92ac0000 - 0x00007ffc92aeb000 	C:\WINDOWS\System32\GDI32.dll
0x00007ffc91460000 - 0x00007ffc9158c000 	C:\WINDOWS\System32\gdi32full.dll
0x00007ffc909c0000 - 0x00007ffc90a63000 	C:\WINDOWS\System32\msvcp_win.dll
0x00007ffc91d10000 - 0x00007ffc91d42000 	C:\WINDOWS\System32\IMM32.DLL
0x00007ffc72fb0000 - 0x00007ffc72fbc000 	c:\Users\beatr\.vscode\extensions\redhat.java-1.54.0-win32-x64\jre\21.0.10-win32-x86_64\bin\vcruntime140_1.dll
0x00007ffc2d640000 - 0x00007ffc2d6cd000 	c:\Users\beatr\.vscode\extensions\redhat.java-1.54.0-win32-x64\jre\21.0.10-win32-x86_64\bin\msvcp140.dll
0x00007ffb86640000 - 0x00007ffb873e1000 	c:\Users\beatr\.vscode\extensions\redhat.java-1.54.0-win32-x64\jre\21.0.10-win32-x86_64\bin\server\jvm.dll
0x00007ffc924d0000 - 0x00007ffc92586000 	C:\WINDOWS\System32\ADVAPI32.dll
0x00007ffc93790000 - 0x00007ffc93837000 	C:\WINDOWS\System32\sechost.dll
0x00007ffc93230000 - 0x00007ffc93348000 	C:\WINDOWS\System32\RPCRT4.dll
0x00007ffc93700000 - 0x00007ffc93780000 	C:\WINDOWS\System32\WS2_32.dll
0x00007ffc90630000 - 0x00007ffc9068e000 	C:\WINDOWS\SYSTEM32\POWRPROF.dll
0x00007ffc83d20000 - 0x00007ffc83d56000 	C:\WINDOWS\SYSTEM32\WINMM.dll
0x00007ffc87cc0000 - 0x00007ffc87ccb000 	C:\WINDOWS\SYSTEM32\VERSION.dll
0x00007ffc90610000 - 0x00007ffc90624000 	C:\WINDOWS\SYSTEM32\UMPDC.dll
0x00007ffc8f510000 - 0x00007ffc8f52b000 	C:\WINDOWS\SYSTEM32\kernel.appcore.dll
0x00007ffc6f540000 - 0x00007ffc6f54a000 	c:\Users\beatr\.vscode\extensions\redhat.java-1.54.0-win32-x64\jre\21.0.10-win32-x86_64\bin\jimage.dll
0x00007ffc8e7e0000 - 0x00007ffc8ea22000 	C:\WINDOWS\SYSTEM32\DBGHELP.DLL
0x00007ffc93350000 - 0x00007ffc936d3000 	C:\WINDOWS\System32\combase.dll
0x00007ffc92b10000 - 0x00007ffc92be9000 	C:\WINDOWS\System32\OLEAUT32.dll
0x00007ffc8ae60000 - 0x00007ffc8ae9b000 	C:\WINDOWS\SYSTEM32\dbgcore.DLL
0x00007ffc91590000 - 0x00007ffc91638000 	C:\WINDOWS\System32\bcryptPrimitives.dll
0x00007ffc6a9f0000 - 0x00007ffc6a9ff000 	c:\Users\beatr\.vscode\extensions\redhat.java-1.54.0-win32-x64\jre\21.0.10-win32-x86_64\bin\instrument.dll
0x00007ffc69860000 - 0x00007ffc69880000 	c:\Users\beatr\.vscode\extensions\redhat.java-1.54.0-win32-x64\jre\21.0.10-win32-x86_64\bin\java.dll
0x00007ffc91d50000 - 0x00007ffc924be000 	C:\WINDOWS\System32\SHELL32.dll
0x00007ffc90bf0000 - 0x00007ffc9145c000 	C:\WINDOWS\System32\windows.storage.dll
0x00007ffc92dc0000 - 0x00007ffc92eb6000 	C:\WINDOWS\System32\SHCORE.dll
0x00007ffc93840000 - 0x00007ffc938a6000 	C:\WINDOWS\System32\shlwapi.dll
0x00007ffc906d0000 - 0x00007ffc906f9000 	C:\WINDOWS\SYSTEM32\profapi.dll
0x00007ffc69840000 - 0x00007ffc69858000 	c:\Users\beatr\.vscode\extensions\redhat.java-1.54.0-win32-x64\jre\21.0.10-win32-x86_64\bin\zip.dll
0x00007ffc6a7d0000 - 0x00007ffc6a7e0000 	C:\Users\beatr\.vscode\extensions\redhat.java-1.54.0-win32-x64\jre\21.0.10-win32-x86_64\bin\net.dll
0x00007ffc87fa0000 - 0x00007ffc880c9000 	C:\WINDOWS\SYSTEM32\WINHTTP.dll
0x00007ffc8fa90000 - 0x00007ffc8fafc000 	C:\WINDOWS\system32\mswsock.dll
0x00007ffc695e0000 - 0x00007ffc695f6000 	C:\Users\beatr\.vscode\extensions\redhat.java-1.54.0-win32-x64\jre\21.0.10-win32-x86_64\bin\nio.dll
0x00007ffc6a740000 - 0x00007ffc6a750000 	c:\Users\beatr\.vscode\extensions\redhat.java-1.54.0-win32-x64\jre\21.0.10-win32-x86_64\bin\verify.dll
0x00007ffc60750000 - 0x00007ffc60795000 	C:\Users\beatr\AppData\Roaming\Code\User\globalStorage\redhat.java\1.54.0\config_win\org.eclipse.equinox.launcher\org.eclipse.equinox.launcher.win32.win32.x86_64_1.3.0.v20260203-2149\eclipse_11919.dll
0x00007ffc92ec0000 - 0x00007ffc93057000 	C:\WINDOWS\System32\ole32.dll
0x00007ffc8fd90000 - 0x00007ffc8fdab000 	C:\WINDOWS\SYSTEM32\CRYPTSP.dll
0x00007ffc8f470000 - 0x00007ffc8f4a9000 	C:\WINDOWS\system32\rsaenh.dll
0x00007ffc8fb60000 - 0x00007ffc8fb93000 	C:\WINDOWS\SYSTEM32\USERENV.dll
0x00007ffc906a0000 - 0x00007ffc906ca000 	C:\WINDOWS\SYSTEM32\bcrypt.dll
0x00007ffc8fdb0000 - 0x00007ffc8fdbc000 	C:\WINDOWS\SYSTEM32\CRYPTBASE.dll
0x00007ffc8eef0000 - 0x00007ffc8ef22000 	C:\WINDOWS\SYSTEM32\IPHLPAPI.DLL
0x00007ffc92590000 - 0x00007ffc9259a000 	C:\WINDOWS\System32\NSI.dll
0x00007ffc23360000 - 0x00007ffc233a9000 	C:\Users\beatr\AppData\Local\Temp\jna-93610876\jna10618527380397680387.dll
0x00007ffc936f0000 - 0x00007ffc936f8000 	C:\WINDOWS\System32\PSAPI.DLL
0x00007ffc88e00000 - 0x00007ffc88e1d000 	C:\WINDOWS\SYSTEM32\dhcpcsvc6.DLL
0x00007ffc88310000 - 0x00007ffc88335000 	C:\WINDOWS\SYSTEM32\dhcpcsvc.DLL

JVMTI agents:
c:\Users\beatr\.vscode\extensions\redhat.java-1.54.0-win32-x64\lombok\lombok-1.18.39-4050.jar path:c:\Users\beatr\.vscode\extensions\redhat.java-1.54.0-win32-x64\jre\21.0.10-win32-x86_64\bin\instrument.dll, loaded, initialized, instrumentlib options:none

dbghelp: loaded successfully - version: 4.0.5 - missing functions: none
symbol engine: initialized successfully - sym options: 0x614 - pdb path: .;c:\Users\beatr\.vscode\extensions\redhat.java-1.54.0-win32-x64\jre\21.0.10-win32-x86_64\bin;C:\WINDOWS\SYSTEM32;C:\WINDOWS\WinSxS\amd64_microsoft.windows.common-controls_6595b64144ccf1df_6.0.26100.8457_none_3e0b2faee331e92d;c:\Users\beatr\.vscode\extensions\redhat.java-1.54.0-win32-x64\jre\21.0.10-win32-x86_64\bin\server;C:\Users\beatr\AppData\Roaming\Code\User\globalStorage\redhat.java\1.54.0\config_win\org.eclipse.equinox.launcher\org.eclipse.equinox.launcher.win32.win32.x86_64_1.3.0.v20260203-2149;C:\Users\beatr\AppData\Local\Temp\jna-93610876

VM Arguments:
jvm_args: --add-modules=ALL-SYSTEM --add-opens=java.base/java.util=ALL-UNNAMED --add-opens=java.base/java.lang=ALL-UNNAMED --add-opens=java.base/sun.nio.fs=ALL-UNNAMED -Declipse.application=org.eclipse.jdt.ls.core.id1 -Dosgi.bundles.defaultStartLevel=4 -Declipse.product=org.eclipse.jdt.ls.core.product -Djava.import.generatesMetadataFilesAtProjectRoot=false -DDetectVMInstallationsJob.disabled=true -Dfile.encoding=utf8 -XX:+UseParallelGC -XX:GCTimeRatio=4 -XX:AdaptiveSizePolicyWeight=90 -Dsun.zip.disableMemoryMapping=true -Xmx2G -Xms100m -Xlog:disable -javaagent:c:\Users\beatr\.vscode\extensions\redhat.java-1.54.0-win32-x64\lombok\lombok-1.18.39-4050.jar -XX:+HeapDumpOnOutOfMemoryError -XX:HeapDumpPath=c:\Users\beatr\AppData\Roaming\Code\User\workspaceStorage\512d8a2463e38182a966693e443d7862\redhat.java -Daether.dependencyCollector.impl=bf 
java_command: c:\Users\beatr\.vscode\extensions\redhat.java-1.54.0-win32-x64\server\plugins\org.eclipse.equinox.launcher_1.7.100.v20251111-0406.jar -configuration c:\Users\beatr\AppData\Roaming\Code\User\globalStorage\redhat.java\1.54.0\config_win -data c:\Users\beatr\AppData\Roaming\Code\User\workspaceStorage\512d8a2463e38182a966693e443d7862\redhat.java\jdt_ws --pipe=\\.\pipe\lsp-eb9fad63056dac1aa105dd3d2f846014-sock
java_class_path (initial): c:\Users\beatr\.vscode\extensions\redhat.java-1.54.0-win32-x64\server\plugins\org.eclipse.equinox.launcher_1.7.100.v20251111-0406.jar
Launcher Type: SUN_STANDARD

[Global flags]
    uintx AdaptiveSizePolicyWeight                 = 90                                        {product} {command line}
     intx CICompilerCount                          = 12                                        {product} {ergonomic}
    uintx GCTimeRatio                              = 4                                         {product} {command line}
     bool HeapDumpOnOutOfMemoryError               = true                                   {manageable} {command line}
    ccstr HeapDumpPath                             = c:\Users\beatr\AppData\Roaming\Code\User\workspaceStorage\512d8a2463e38182a966693e443d7862\redhat.java         {manageable} {command line}
   size_t InitialHeapSize                          = 104857600                                 {product} {command line}
   size_t MaxHeapSize                              = 2147483648                                {product} {command line}
   size_t MaxNewSize                               = 715653120                                 {product} {ergonomic}
   size_t MinHeapDeltaBytes                        = 524288                                    {product} {ergonomic}
   size_t MinHeapSize                              = 104857600                                 {product} {command line}
   size_t NewSize                                  = 34603008                                  {product} {ergonomic}
    uintx NonNMethodCodeHeapSize                   = 7602480                                {pd product} {ergonomic}
    uintx NonProfiledCodeHeapSize                  = 122027880                              {pd product} {ergonomic}
   size_t OldSize                                  = 70254592                                  {product} {ergonomic}
    uintx ProfiledCodeHeapSize                     = 122027880                              {pd product} {ergonomic}
    uintx ReservedCodeCacheSize                    = 251658240                              {pd product} {ergonomic}
     bool SegmentedCodeCache                       = true                                      {product} {ergonomic}
   size_t SoftMaxHeapSize                          = 2147483648                             {manageable} {ergonomic}
     bool UseCompressedOops                        = true                           {product lp64_product} {ergonomic}
     bool UseLargePagesIndividualAllocation        = false                                  {pd product} {ergonomic}
     bool UseParallelGC                            = true                                      {product} {command line}

Logging:
Log output configuration:
 #0: stdout all=off uptime,level,tags foldmultilines=false
 #1: stderr all=off uptime,level,tags foldmultilines=false

Release file:
JAVA_VERSION="21.0.10" 
MODULES="java.base java.compiler java.datatransfer java.xml java.prefs java.desktop java.instrument java.logging java.management java.security.sasl java.naming java.rmi java.management.rmi java.net.http java.scripting java.security.jgss java.transaction.xa java.sql java.sql.rowset java.xml.crypto java.se java.smartcardio jdk.accessibility jdk.internal.jvmstat jdk.attach jdk.charsets jdk.internal.opt jdk.zipfs jdk.compiler jdk.crypto.ec jdk.crypto.cryptoki jdk.crypto.mscapi jdk.dynalink jdk.internal.ed jdk.editpad jdk.hotspot.agent jdk.httpserver jdk.internal.le jdk.internal.vm.ci jdk.internal.vm.compiler jdk.internal.vm.compiler.management jdk.jartool jdk.javadoc jdk.jcmd jdk.management jdk.management.agent jdk.jconsole jdk.jdeps jdk.jdwp.agent jdk.jdi jdk.jfr jdk.jshell jdk.jsobject jdk.jstatd jdk.localedata jdk.management.jfr jdk.naming.dns jdk.naming.rmi jdk.net jdk.nio.mapmode jdk.random jdk.sctp jdk.security.auth jdk.security.jgss jdk.unsupported jdk.unsupported.desktop jdk.xml.dom" 

Environment Variables:
PATH=C:\Python314\Scripts\;C:\Python314\;C:\Program Files\Common Files\Oracle\Java\javapath;C:\Program Files (x86)\Common Files\Oracle\Java\javapath;C:\Windows\system32;C:\Windows;C:\Windows\System32\Wbem;C:\Windows\System32\WindowsPowerShell\v1.0\;C:\Windows\System32\OpenSSH\;C:\Program Files (x86)\NVIDIA Corporation\PhysX\Common;C:\Program Files\NVIDIA Corporation\NVIDIA NvDLISR;C:\Program Files\Git\cmd;C:\apache-maven-3.9.9\bin;C:\Program Files\nodejs\;C:\ProgramData\chocolatey\bin;C:\WINDOWS\system32;C:\WINDOWS;C:\WINDOWS\System32\Wbem;C:\WINDOWS\System32\WindowsPowerShell\v1.0\;C:\WINDOWS\System32\OpenSSH\;C:\Program Files\MongoDB\Server\8.2\bin;C:\Program Files\Docker\Docker\resources\bin;C:\Users\beatr\AppData\Local\Programs\Python\Launcher\;C:\Users\beatr\AppData\Local\Microsoft\WindowsApps;C:\Users\beatr\AppData\Local\Programs\Microsoft VS Code\bin;C:\Users\beatr\AppData\Local\GitHubDesktop\bin;C:\Users\beatr\AppData\Roaming\npm;C:\Program Files\mongosh\
USERNAME=beatr
OS=Windows_NT
PROCESSOR_IDENTIFIER=AMD64 Family 25 Model 80 Stepping 0, AuthenticAMD
TMP=C:\Users\beatr\AppData\Local\Temp
TEMP=C:\Users\beatr\AppData\Local\Temp




Periodic native trim disabled

---------------  S Y S T E M  ---------------

OS:
 Windows 11 , 64 bit Build 26100 (10.0.26100.8328)
OS uptime: 2 days 19:43 hours
Hyper-V role detected

CPU: total 16 (initial active 16) (16 cores per cpu, 2 threads per core) family 25 model 80 stepping 0 microcode 0xa50000d, cx8, cmov, fxsr, ht, mmx, 3dnowpref, sse, sse2, sse3, ssse3, sse4a, sse4.1, sse4.2, popcnt, lzcnt, tsc, tscinvbit, avx, avx2, aes, erms, clmul, bmi1, bmi2, adx, sha, fma, vzeroupper, clflush, clflushopt, hv, rdtscp, rdpid, fsrm, f16c, cet_ss
Processor Information for processor 0
  Max Mhz: 3201, Current Mhz: 3201, Mhz Limit: 3201
Processor Information for processor 1
  Max Mhz: 3201, Current Mhz: 3201, Mhz Limit: 3201
Processor Information for processor 2
  Max Mhz: 3201, Current Mhz: 3201, Mhz Limit: 3201
Processor Information for processor 3
  Max Mhz: 3201, Current Mhz: 3201, Mhz Limit: 3201
Processor Information for processor 4
  Max Mhz: 3201, Current Mhz: 3201, Mhz Limit: 3201
Processor Information for processor 5
  Max Mhz: 3201, Current Mhz: 3201, Mhz Limit: 3201
Processor Information for processor 6
  Max Mhz: 3201, Current Mhz: 3201, Mhz Limit: 3201
Processor Information for processor 7
  Max Mhz: 3201, Current Mhz: 3201, Mhz Limit: 3201
Processor Information for processor 8
  Max Mhz: 3201, Current Mhz: 3201, Mhz Limit: 3201
Processor Information for processor 9
  Max Mhz: 3201, Current Mhz: 3201, Mhz Limit: 3201
Processor Information for processor 10
  Max Mhz: 3201, Current Mhz: 2555, Mhz Limit: 3201
Processor Information for processor 11
  Max Mhz: 3201, Current Mhz: 2555, Mhz Limit: 3201
Processor Information for processor 12
  Max Mhz: 3201, Current Mhz: 2555, Mhz Limit: 3201
Processor Information for processor 13
  Max Mhz: 3201, Current Mhz: 3201, Mhz Limit: 3201
Processor Information for processor 14
  Max Mhz: 3201, Current Mhz: 3201, Mhz Limit: 3201
Processor Information for processor 15
  Max Mhz: 3201, Current Mhz: 3201, Mhz Limit: 3201

Memory: 4k page, system-wide physical 14188M (1026M free)
TotalPageFile size 37754M (AvailPageFile size 3M)
current process WorkingSet (physical memory assigned to process): 284M, peak: 284M
current process commit charge ("private bytes"): 402M, peak: 403M

vm_info: OpenJDK 64-Bit Server VM (21.0.10+7-LTS) for windows-amd64 JRE (21.0.10+7-LTS), built on 2026-01-20T00:00:00Z by "admin" with MS VC++ 17.12 (VS2022)

END.
