#
# There is insufficient memory for the Java Runtime Environment to continue.
# Native memory allocation (malloc) failed to allocate 484544 bytes. Error detail: Chunk::new
# Possible reasons:
#   The system is out of physical RAM or swap space
#   This process is running with CompressedOops enabled, and the Java Heap may be blocking the growth of the native heap
# Possible solutions:
#   Reduce memory load on the system
#   Increase physical memory or swap space
#   Check if swap backing store is full
#   Decrease Java heap size (-Xmx/-Xms)
#   Decrease number of Java threads
#   Decrease Java thread stack sizes (-Xss)
#   Set larger code cache with -XX:ReservedCodeCacheSize=
#   JVM is running with Unscaled Compressed Oops mode in which the Java heap is
#     placed in the first 4GB address space. The Java Heap base address is the
#     maximum limit for the native heap growth. Please use -XX:HeapBaseMinAddress
#     to set the Java Heap base and to place the Java Heap above 4GB virtual address.
# This output file may be truncated or incomplete.
#
#  Out of Memory Error (arena.cpp:168), pid=31964, tid=29328
#
# JRE version: OpenJDK Runtime Environment Temurin-21.0.10+7 (21.0.10+7) (build 21.0.10+7-LTS)
# Java VM: OpenJDK 64-Bit Server VM Temurin-21.0.10+7 (21.0.10+7-LTS, mixed mode, sharing, tiered, compressed oops, compressed class ptrs, parallel gc, windows-amd64)
# No core dump will be written. Minidumps are not enabled by default on client versions of Windows
#

---------------  S U M M A R Y ------------

Command Line: --add-modules=ALL-SYSTEM --add-opens=java.base/java.util=ALL-UNNAMED --add-opens=java.base/java.lang=ALL-UNNAMED --add-opens=java.base/sun.nio.fs=ALL-UNNAMED -Declipse.application=org.eclipse.jdt.ls.core.id1 -Dosgi.bundles.defaultStartLevel=4 -Declipse.product=org.eclipse.jdt.ls.core.product -Djava.import.generatesMetadataFilesAtProjectRoot=false -DDetectVMInstallationsJob.disabled=true -Dfile.encoding=utf8 -XX:+UseParallelGC -XX:GCTimeRatio=4 -XX:AdaptiveSizePolicyWeight=90 -Dsun.zip.disableMemoryMapping=true -Xmx2G -Xms100m -Xlog:disable -javaagent:c:\Users\beatr\.vscode\extensions\redhat.java-1.54.0-win32-x64\lombok\lombok-1.18.39-4050.jar -XX:+HeapDumpOnOutOfMemoryError -XX:HeapDumpPath=c:\Users\beatr\AppData\Roaming\Code\User\workspaceStorage\512d8a2463e38182a966693e443d7862\redhat.java -Daether.dependencyCollector.impl=bf c:\Users\beatr\.vscode\extensions\redhat.java-1.54.0-win32-x64\server\plugins\org.eclipse.equinox.launcher_1.7.100.v20251111-0406.jar -configuration c:\Users\beatr\AppData\Roaming\Code\User\globalStorage\redhat.java\1.54.0\config_win -data c:\Users\beatr\AppData\Roaming\Code\User\workspaceStorage\512d8a2463e38182a966693e443d7862\redhat.java\jdt_ws --pipe=\\.\pipe\lsp-1e8bacfa85ac5a06a6882afe17c3101d-sock

Host: AMD Ryzen 7 5800H with Radeon Graphics         , 16 cores, 13G,  Windows 11 , 64 bit Build 26100 (10.0.26100.8328)
Time: Wed May 20 16:11:12 2026 Hora est. Sudamérica Pacífico elapsed time: 13.999779 seconds (0d 0h 0m 13s)

---------------  T H R E A D  ---------------

Current thread (0x0000025f23afe850):  JavaThread "C2 CompilerThread1" daemon [_thread_in_native, id=29328, stack(0x000000805a400000,0x000000805a500000) (1024K)]


Current CompileTask:
C2:13999 7767       4       jdk.internal.jimage.ImageReader$SharedImageReader$$Lambda/0x0000025eda5ac000::visit (13 bytes)

Stack: [0x000000805a400000,0x000000805a500000]
Native frames: (J=compiled Java code, j=interpreted, Vv=VM code, C=native code)
V  [jvm.dll+0x6d7a39]
V  [jvm.dll+0x8b4b26]
V  [jvm.dll+0x8b70de]
V  [jvm.dll+0x8b77c3]
V  [jvm.dll+0x284346]
V  [jvm.dll+0xc66ed]
V  [jvm.dll+0xc6c31]
V  [jvm.dll+0x3bec3b]
V  [jvm.dll+0x1e3f69]
V  [jvm.dll+0x24c6b3]
V  [jvm.dll+0x24bb40]
V  [jvm.dll+0x1cb34e]
V  [jvm.dll+0x25b85d]
V  [jvm.dll+0x259dea]
V  [jvm.dll+0x3f857e]
V  [jvm.dll+0x85f59d]
V  [jvm.dll+0x6d626d]
C  [ucrtbase.dll+0x37b0]
C  [KERNEL32.DLL+0x2e957]
C  [ntdll.dll+0x427c]


---------------  P R O C E S S  ---------------

Threads class SMR info:
_java_thread_list=0x0000025f22b59af0, length=65, elements={
0x0000025ec243dfc0, 0x0000025ec24e8c80, 0x0000025ed8eedfe0, 0x0000025ec24ea5b0,
0x0000025ec24ee260, 0x0000025ec24f2370, 0x0000025ec24f39e0, 0x0000025f1b2a7f70,
0x0000025f1b2ab590, 0x0000025f1b3ad050, 0x0000025f1b524eb0, 0x0000025f21135f60,
0x0000025f21828520, 0x0000025f2180a0b0, 0x0000025f21807970, 0x0000025f216061b0,
0x0000025f222898f0, 0x0000025f21c4df10, 0x0000025f2216c410, 0x0000025f21796460,
0x0000025f21796af0, 0x0000025f21798530, 0x0000025f21797810, 0x0000025f21795740,
0x0000025f21797ea0, 0x0000025f217950b0, 0x0000025f21795dd0, 0x0000025f23772240,
0x0000025f23772f60, 0x0000025f237728d0, 0x0000025f23771bb0, 0x0000025f237735f0,
0x0000025f23773c80, 0x0000025f23770e90, 0x0000025f23770800, 0x0000025f23771520,
0x0000025f2361b4d0, 0x0000025f23618050, 0x0000025f2361bb60, 0x0000025f23618d70,
0x0000025f23619400, 0x0000025f2361ae40, 0x0000025f2361a120, 0x0000025f236186e0,
0x0000025f2361c1f0, 0x0000025f2361a7b0, 0x0000025f2361c880, 0x0000025f2361cf10,
0x0000025f2361dc30, 0x0000025f2361e2c0, 0x0000025f2361e950, 0x0000025f2361efe0,
0x0000025f2361f670, 0x0000025f23f56d80, 0x0000025f23f56060, 0x0000025f23f57410,
0x0000025f23f566f0, 0x0000025f23f57aa0, 0x0000025f23f58130, 0x0000025f23f587c0,
0x0000025f23f55340, 0x0000025f23afe850, 0x0000025f226b4cd0, 0x0000025f25955ba0,
0x0000025f23afc0d0
}

Java Threads: ( => current thread )
  0x0000025ec243dfc0 JavaThread "main"                              [_thread_blocked, id=45548, stack(0x0000008059700000,0x0000008059800000) (1024K)]
  0x0000025ec24e8c80 JavaThread "Reference Handler"          daemon [_thread_blocked, id=12428, stack(0x0000008059b00000,0x0000008059c00000) (1024K)]
  0x0000025ed8eedfe0 JavaThread "Finalizer"                  daemon [_thread_blocked, id=21072, stack(0x0000008059c00000,0x0000008059d00000) (1024K)]
  0x0000025ec24ea5b0 JavaThread "Signal Dispatcher"          daemon [_thread_blocked, id=25516, stack(0x0000008059d00000,0x0000008059e00000) (1024K)]
  0x0000025ec24ee260 JavaThread "Attach Listener"            daemon [_thread_blocked, id=44896, stack(0x0000008059e00000,0x0000008059f00000) (1024K)]
  0x0000025ec24f2370 JavaThread "Service Thread"             daemon [_thread_blocked, id=36644, stack(0x0000008059f00000,0x000000805a000000) (1024K)]
  0x0000025ec24f39e0 JavaThread "Monitor Deflation Thread"   daemon [_thread_blocked, id=35108, stack(0x000000805a000000,0x000000805a100000) (1024K)]
  0x0000025f1b2a7f70 JavaThread "C2 CompilerThread0"         daemon [_thread_in_native, id=11684, stack(0x000000805a100000,0x000000805a200000) (1024K)]
  0x0000025f1b2ab590 JavaThread "C1 CompilerThread0"         daemon [_thread_blocked, id=23356, stack(0x000000805a200000,0x000000805a300000) (1024K)]
  0x0000025f1b3ad050 JavaThread "C1 CompilerThread1"         daemon [_thread_blocked, id=16948, stack(0x000000805a300000,0x000000805a400000) (1024K)]
  0x0000025f1b524eb0 JavaThread "Common-Cleaner"             daemon [_thread_blocked, id=36068, stack(0x000000805a700000,0x000000805a800000) (1024K)]
  0x0000025f21135f60 JavaThread "Notification Thread"        daemon [_thread_blocked, id=6580, stack(0x000000805a800000,0x000000805a900000) (1024K)]
  0x0000025f21828520 JavaThread "Active Thread: Equinox Container: 75f0b202-ad1b-483e-964a-b1ee0c5578a1"        [_thread_blocked, id=46484, stack(0x000000805b000000,0x000000805b100000) (1024K)]
  0x0000025f2180a0b0 JavaThread "Refresh Thread: Equinox Container: 75f0b202-ad1b-483e-964a-b1ee0c5578a1" daemon [_thread_blocked, id=23796, stack(0x000000805b200000,0x000000805b300000) (1024K)]
  0x0000025f21807970 JavaThread "Framework Event Dispatcher: Equinox Container: 75f0b202-ad1b-483e-964a-b1ee0c5578a1" daemon [_thread_blocked, id=15168, stack(0x000000805b300000,0x000000805b400000) (1024K)]
  0x0000025f216061b0 JavaThread "Start Level: Equinox Container: 75f0b202-ad1b-483e-964a-b1ee0c5578a1" daemon [_thread_blocked, id=41912, stack(0x000000805b400000,0x000000805b500000) (1024K)]
  0x0000025f222898f0 JavaThread "Bundle File Closer"         daemon [_thread_blocked, id=34584, stack(0x000000805b900000,0x000000805ba00000) (1024K)]
  0x0000025f21c4df10 JavaThread "SCR Component Actor"        daemon [_thread_blocked, id=2532, stack(0x000000805a500000,0x000000805a600000) (1024K)]
  0x0000025f2216c410 JavaThread "Worker-JM"                         [_thread_blocked, id=21820, stack(0x000000805b500000,0x000000805b600000) (1024K)]
  0x0000025f21796460 JavaThread "JNA Cleaner"                daemon [_thread_blocked, id=44124, stack(0x000000805bc00000,0x000000805bd00000) (1024K)]
  0x0000025f21796af0 JavaThread "Worker-0"                          [_thread_blocked, id=39380, stack(0x000000805bd00000,0x000000805be00000) (1024K)]
  0x0000025f21798530 JavaThread "Worker-1: Initialize workspace"        [_thread_blocked, id=43672, stack(0x000000805be00000,0x000000805bf00000) (1024K)]
  0x0000025f21797810 JavaThread "Java indexing"              daemon [_thread_blocked, id=12900, stack(0x000000805c000000,0x000000805c100000) (1024K)]
  0x0000025f21795740 JavaThread "Worker-2"                          [_thread_blocked, id=40900, stack(0x000000805c300000,0x000000805c400000) (1024K)]
  0x0000025f21797ea0 JavaThread "Worker-3: Initialize Workspace"        [_thread_blocked, id=20980, stack(0x000000805c400000,0x000000805c500000) (1024K)]
  0x0000025f217950b0 JavaThread "Thread-1"                   daemon [_thread_in_native, id=38396, stack(0x000000805c500000,0x000000805c600000) (1024K)]
  0x0000025f21795dd0 JavaThread "Thread-2"                   daemon [_thread_in_native, id=44400, stack(0x000000805c600000,0x000000805c700000) (1024K)]
  0x0000025f23772240 JavaThread "Thread-3"                   daemon [_thread_in_native, id=39628, stack(0x000000805c700000,0x000000805c800000) (1024K)]
  0x0000025f23772f60 JavaThread "Thread-4"                   daemon [_thread_in_native, id=24260, stack(0x000000805c800000,0x000000805c900000) (1024K)]
  0x0000025f237728d0 JavaThread "Thread-5"                   daemon [_thread_in_native, id=20308, stack(0x000000805c900000,0x000000805ca00000) (1024K)]
  0x0000025f23771bb0 JavaThread "Thread-6"                   daemon [_thread_in_native, id=42524, stack(0x000000805ca00000,0x000000805cb00000) (1024K)]
  0x0000025f237735f0 JavaThread "Thread-7"                   daemon [_thread_in_native, id=14056, stack(0x000000805cb00000,0x000000805cc00000) (1024K)]
  0x0000025f23773c80 JavaThread "Thread-8"                   daemon [_thread_in_native, id=12052, stack(0x000000805cc00000,0x000000805cd00000) (1024K)]
  0x0000025f23770e90 JavaThread "Thread-9"                   daemon [_thread_in_native, id=36944, stack(0x000000805cd00000,0x000000805ce00000) (1024K)]
  0x0000025f23770800 JavaThread "Thread-10"                  daemon [_thread_in_native, id=46808, stack(0x000000805ce00000,0x000000805cf00000) (1024K)]
  0x0000025f23771520 JavaThread "Thread-11"                  daemon [_thread_in_native, id=35200, stack(0x000000805cf00000,0x000000805d000000) (1024K)]
  0x0000025f2361b4d0 JavaThread "Thread-12"                  daemon [_thread_in_native, id=22280, stack(0x000000805d000000,0x000000805d100000) (1024K)]
  0x0000025f23618050 JavaThread "Thread-13"                  daemon [_thread_in_native, id=44500, stack(0x000000805d100000,0x000000805d200000) (1024K)]
  0x0000025f2361bb60 JavaThread "Thread-14"                  daemon [_thread_in_native, id=20848, stack(0x000000805d200000,0x000000805d300000) (1024K)]
  0x0000025f23618d70 JavaThread "Thread-15"                  daemon [_thread_in_native, id=22236, stack(0x000000805d300000,0x000000805d400000) (1024K)]
  0x0000025f23619400 JavaThread "Thread-16"                  daemon [_thread_in_native, id=21588, stack(0x000000805d400000,0x000000805d500000) (1024K)]
  0x0000025f2361ae40 JavaThread "Thread-17"                  daemon [_thread_in_native, id=25988, stack(0x000000805d500000,0x000000805d600000) (1024K)]
  0x0000025f2361a120 JavaThread "pool-2-thread-1"                   [_thread_blocked, id=23832, stack(0x000000805d700000,0x000000805d800000) (1024K)]
  0x0000025f236186e0 JavaThread "Worker-4"                          [_thread_blocked, id=8308, stack(0x000000805d800000,0x000000805d900000) (1024K)]
  0x0000025f2361c1f0 JavaThread "WorkspaceEventsHandler"            [_thread_blocked, id=43192, stack(0x000000805d900000,0x000000805da00000) (1024K)]
  0x0000025f2361a7b0 JavaThread "pool-1-thread-1"                   [_thread_in_Java, id=42908, stack(0x000000805da00000,0x000000805db00000) (1024K)]
  0x0000025f2361c880 JavaThread "ForkJoinPool.commonPool-worker-1" daemon [_thread_blocked, id=21204, stack(0x000000805db00000,0x000000805dc00000) (1024K)]
  0x0000025f2361cf10 JavaThread "ForkJoinPool.commonPool-worker-2" daemon [_thread_blocked, id=21420, stack(0x000000805dc00000,0x000000805dd00000) (1024K)]
  0x0000025f2361dc30 JavaThread "ForkJoinPool.commonPool-worker-3" daemon [_thread_blocked, id=26704, stack(0x000000805dd00000,0x000000805de00000) (1024K)]
  0x0000025f2361e2c0 JavaThread "ForkJoinPool.commonPool-worker-4" daemon [_thread_blocked, id=45372, stack(0x000000805de00000,0x000000805df00000) (1024K)]
  0x0000025f2361e950 JavaThread "ForkJoinPool.commonPool-worker-5" daemon [_thread_blocked, id=40224, stack(0x000000805df00000,0x000000805e000000) (1024K)]
  0x0000025f2361efe0 JavaThread "ForkJoinPool.commonPool-worker-6" daemon [_thread_blocked, id=33728, stack(0x000000805e000000,0x000000805e100000) (1024K)]
  0x0000025f2361f670 JavaThread "ForkJoinPool.commonPool-worker-7" daemon [_thread_blocked, id=35752, stack(0x000000805e100000,0x000000805e200000) (1024K)]
  0x0000025f23f56d80 JavaThread "ForkJoinPool.commonPool-worker-8" daemon [_thread_blocked, id=43412, stack(0x000000805e200000,0x000000805e300000) (1024K)]
  0x0000025f23f56060 JavaThread "ForkJoinPool.commonPool-worker-9" daemon [_thread_blocked, id=24912, stack(0x000000805e300000,0x000000805e400000) (1024K)]
  0x0000025f23f57410 JavaThread "ForkJoinPool.commonPool-worker-10" daemon [_thread_blocked, id=46868, stack(0x000000805e400000,0x000000805e500000) (1024K)]
  0x0000025f23f566f0 JavaThread "ForkJoinPool.commonPool-worker-11" daemon [_thread_blocked, id=27856, stack(0x000000805e500000,0x000000805e600000) (1024K)]
  0x0000025f23f57aa0 JavaThread "ForkJoinPool.commonPool-worker-12" daemon [_thread_blocked, id=36724, stack(0x000000805e600000,0x000000805e700000) (1024K)]
  0x0000025f23f58130 JavaThread "ForkJoinPool.commonPool-worker-13" daemon [_thread_blocked, id=39768, stack(0x000000805e700000,0x000000805e800000) (1024K)]
  0x0000025f23f587c0 JavaThread "ForkJoinPool.commonPool-worker-15" daemon [_thread_blocked, id=31016, stack(0x000000805e800000,0x000000805e900000) (1024K)]
  0x0000025f23f55340 JavaThread "ForkJoinPool.commonPool-worker-14" daemon [_thread_blocked, id=39552, stack(0x000000805e900000,0x000000805ea00000) (1024K)]
=>0x0000025f23afe850 JavaThread "C2 CompilerThread1"         daemon [_thread_in_native, id=29328, stack(0x000000805a400000,0x000000805a500000) (1024K)]
  0x0000025f226b4cd0 JavaThread "C2 CompilerThread2"         daemon [_thread_in_native, id=31252, stack(0x000000805a600000,0x000000805a700000) (1024K)]
  0x0000025f25955ba0 JavaThread "C1 CompilerThread2"         daemon [_thread_blocked, id=41176, stack(0x000000805a900000,0x000000805aa00000) (1024K)]
  0x0000025f23afc0d0 JavaThread "C1 CompilerThread3"         daemon [_thread_blocked, id=42644, stack(0x000000805bf00000,0x000000805c000000) (1024K)]
Total: 65

Other Threads:
  0x0000025ed8ed4890 VMThread "VM Thread"                           [id=17880, stack(0x0000008059a00000,0x0000008059b00000) (1024K)]
  0x0000025ed8dcca10 WatcherThread "VM Periodic Task Thread"        [id=30676, stack(0x0000008059900000,0x0000008059a00000) (1024K)]
  0x0000025ec245e750 WorkerThread "GC Thread#0"                     [id=46992, stack(0x0000008059800000,0x0000008059900000) (1024K)]
  0x0000025f216cc700 WorkerThread "GC Thread#1"                     [id=31096, stack(0x000000805aa00000,0x000000805ab00000) (1024K)]
  0x0000025f214da400 WorkerThread "GC Thread#2"                     [id=3452, stack(0x000000805ab00000,0x000000805ac00000) (1024K)]
  0x0000025f214da7b0 WorkerThread "GC Thread#3"                     [id=35428, stack(0x000000805ac00000,0x000000805ad00000) (1024K)]
  0x0000025f218a63b0 WorkerThread "GC Thread#4"                     [id=29620, stack(0x000000805ad00000,0x000000805ae00000) (1024K)]
  0x0000025f218a6760 WorkerThread "GC Thread#5"                     [id=45244, stack(0x000000805ae00000,0x000000805af00000) (1024K)]
  0x0000025f218a6b10 WorkerThread "GC Thread#6"                     [id=43304, stack(0x000000805af00000,0x000000805b000000) (1024K)]
  0x0000025f21637f00 WorkerThread "GC Thread#7"                     [id=39428, stack(0x000000805b100000,0x000000805b200000) (1024K)]
  0x0000025f21aeebe0 WorkerThread "GC Thread#8"                     [id=42544, stack(0x000000805b600000,0x000000805b700000) (1024K)]
  0x0000025f21f40af0 WorkerThread "GC Thread#9"                     [id=5116, stack(0x000000805b700000,0x000000805b800000) (1024K)]
  0x0000025f21cdc530 WorkerThread "GC Thread#10"                    [id=6860, stack(0x000000805b800000,0x000000805b900000) (1024K)]
  0x0000025f21db4f70 WorkerThread "GC Thread#11"                    [id=15016, stack(0x000000805ba00000,0x000000805bb00000) (1024K)]
  0x0000025f21db40b0 WorkerThread "GC Thread#12"                    [id=40244, stack(0x000000805bb00000,0x000000805bc00000) (1024K)]
Total: 15

Threads with active compile tasks:
C2 CompilerThread0  14039 7951       4       java.util.Properties$LineReader::readLine (584 bytes)
C2 CompilerThread1  14039 7767       4       jdk.internal.jimage.ImageReader$SharedImageReader$$Lambda/0x0000025eda5ac000::visit (13 bytes)
C2 CompilerThread2  14039 7766       4       org.eclipse.jdt.internal.core.JrtPackageFragmentRoot$1::visitFile (14 bytes)
Total: 3

VM state: not at safepoint (normal execution)

VM Mutex/Monitor currently owned by a thread: None

Heap address: 0x0000000080000000, size: 2048 MB, Compressed Oops mode: 32-bit

CDS archive(s) mapped at: [0x0000025ed9000000-0x0000025ed9ba0000-0x0000025ed9ba0000), size 12189696, SharedBaseAddress: 0x0000025ed9000000, ArchiveRelocationMode: 1.
Compressed class space mapped at: 0x0000025eda000000-0x0000025f1a000000, reserved size: 1073741824
Narrow klass base: 0x0000025ed9000000, Narrow klass shift: 0, Narrow klass range: 0x100000000

GC Precious Log:
 CardTable entry size: 512
 CPUs: 16 total, 16 available
 Memory: 14188M
 Large Page Support: Disabled
 NUMA Support: Disabled
 Compressed Oops: Enabled (32-bit)
 Alignments: Space 512K, Generation 512K, Heap 2M
 Heap Min Capacity: 100M
 Heap Initial Capacity: 100M
 Heap Max Capacity: 2G
 Pre-touch: Disabled
 Parallel Workers: 13

Heap:
 PSYoungGen      total 26624K, used 12667K [0x00000000d5580000, 0x00000000d7580000, 0x0000000100000000)
  eden space 22016K, 48% used [0x00000000d5580000,0x00000000d5ff0a68,0x00000000d6b00000)
  from space 4608K, 42% used [0x00000000d6c80000,0x00000000d6e6e200,0x00000000d7100000)
  to   space 3072K, 0% used [0x00000000d7280000,0x00000000d7280000,0x00000000d7580000)
 ParOldGen       total 68608K, used 52014K [0x0000000080000000, 0x0000000084300000, 0x00000000d5580000)
  object space 68608K, 75% used [0x0000000080000000,0x00000000832cba38,0x0000000084300000)
 Metaspace       used 50441K, committed 51840K, reserved 1114112K
  class space    used 5485K, committed 6080K, reserved 1048576K

Card table byte_map: [0x0000025ec1de0000,0x0000025ec21f0000] _byte_map_base: 0x0000025ec19e0000

Marking Bits: (ParMarkBitMap*) 0x00007ffb87303450
 Begin Bits: [0x0000025ed48f0000, 0x0000025ed68f0000)
 End Bits:   [0x0000025ed68f0000, 0x0000025ed88f0000)

Polling page: 0x0000025ec04d0000

Metaspace:

Usage:
  Non-class:     43.90 MB used.
      Class:      5.36 MB used.
       Both:     49.26 MB used.

Virtual space:
  Non-class space:       64.00 MB reserved,      44.69 MB ( 70%) committed,  1 nodes.
      Class space:        1.00 GB reserved,       5.94 MB ( <1%) committed,  1 nodes.
             Both:        1.06 GB reserved,      50.62 MB (  5%) committed. 

Chunk freelists:
   Non-Class:  2.98 MB
       Class:  9.89 MB
        Both:  12.88 MB

MaxMetaspaceSize: unlimited
CompressedClassSpaceSize: 1.00 GB
Initial GC threshold: 21.00 MB
Current GC threshold: 58.38 MB
CDS: on
 - commit_granule_bytes: 65536.
 - commit_granule_words: 8192.
 - virtual_space_node_default_size: 8388608.
 - enlarge_chunks_in_place: 1.
 - use_allocation_guard: 0.


Internal statistics:

num_allocs_failed_limit: 6.
num_arena_births: 1026.
num_arena_deaths: 14.
num_vsnodes_births: 2.
num_vsnodes_deaths: 0.
num_space_committed: 810.
num_space_uncommitted: 0.
num_chunks_returned_to_freelist: 20.
num_chunks_taken_from_freelist: 3301.
num_chunk_merges: 8.
num_chunk_splits: 2042.
num_chunks_enlarged: 1180.
num_inconsistent_stats: 0.

CodeHeap 'non-profiled nmethods': size=119168Kb used=4038Kb max_used=4038Kb free=115129Kb
 bounds [0x0000025ecd1e0000, 0x0000025ecd5e0000, 0x0000025ed4640000]
CodeHeap 'profiled nmethods': size=119104Kb used=16001Kb max_used=16001Kb free=103102Kb
 bounds [0x0000025ec5640000, 0x0000025ec65f0000, 0x0000025ecca90000]
CodeHeap 'non-nmethods': size=7488Kb used=3067Kb max_used=3123Kb free=4420Kb
 bounds [0x0000025ecca90000, 0x0000025ecce10000, 0x0000025ecd1e0000]
CodeCache: size=245760Kb, used=23106Kb, max_used=23162Kb, free=222651Kb
 total_blobs=8039, nmethods=7357, adapters=585, full_count=0
Compilation: enabled, stopped_count=0, restarted_count=0

Compilation events (20 events):
Event: 13.988 Thread 0x0000025f25955ba0 7942       3       java.io.File::getCanonicalFile (38 bytes)
Event: 13.988 Thread 0x0000025f25955ba0 nmethod 7942 0x0000025ec65d4890 code [0x0000025ec65d4ac0, 0x0000025ec65d5048]
Event: 13.989 Thread 0x0000025f25955ba0 7943       3       sun.net.www.URLConnection::<init> (22 bytes)
Event: 13.989 Thread 0x0000025f23afc0d0 7944       3       sun.net.www.MessageHeader::<init> (6 bytes)
Event: 13.989 Thread 0x0000025f1b2ab590 7945       3       sun.net.www.MessageHeader::<init> (14 bytes)
Event: 13.989 Thread 0x0000025f1b2ab590 nmethod 7945 0x0000025ec65d5290 code [0x0000025ec65d5440, 0x0000025ec65d55d8]
Event: 13.989 Thread 0x0000025f25955ba0 nmethod 7943 0x0000025ec65d5690 code [0x0000025ec65d5860, 0x0000025ec65d5b98]
Event: 13.989 Thread 0x0000025f23afc0d0 nmethod 7944 0x0000025ec65d5d10 code [0x0000025ec65d5ec0, 0x0000025ec65d60b8]
Event: 13.991 Thread 0x0000025f226b4cd0 nmethod 7939 0x0000025ecd5c7410 code [0x0000025ecd5c75a0, 0x0000025ecd5c7818]
Event: 13.991 Thread 0x0000025f226b4cd0 7894       4       org.eclipse.jdt.core.compiler.CharOperation::replace (35 bytes)
Event: 13.993 Thread 0x0000025f25955ba0 7946       3       org.lombokweb.asm.ClassReader::getFirstAttributeOffset (136 bytes)
Event: 13.993 Thread 0x0000025f25955ba0 nmethod 7946 0x0000025ec65d6190 code [0x0000025ec65d63e0, 0x0000025ec65d6a70]
Event: 13.994 Thread 0x0000025f25955ba0 7947       1       sun.nio.fs.WindowsFileAttributes::fileKey (2 bytes)
Event: 13.994 Thread 0x0000025f25955ba0 nmethod 7947 0x0000025ecd5c7a10 code [0x0000025ecd5c7ba0, 0x0000025ecd5c7c70]
Event: 13.994 Thread 0x0000025f226b4cd0 nmethod 7894 0x0000025ecd5c7d10 code [0x0000025ecd5c7ea0, 0x0000025ecd5c8020]
Event: 13.994 Thread 0x0000025f226b4cd0 7779       4       java.util.ArrayList::equals (62 bytes)
Event: 13.996 Thread 0x0000025f226b4cd0 nmethod 7779 0x0000025ecd5c8110 code [0x0000025ecd5c82c0, 0x0000025ecd5c84a0]
Event: 13.996 Thread 0x0000025f226b4cd0 7866       4       org.eclipse.jdt.internal.core.JarPackageFragmentRoot::entryToClassName (23 bytes)
Event: 13.996 Thread 0x0000025f226b4cd0 nmethod 7866 0x0000025ecd5c8690 code [0x0000025ecd5c8820, 0x0000025ecd5c88a8]
Event: 13.996 Thread 0x0000025f226b4cd0 7778       4       java.util.ArrayList::hashCode (22 bytes)

GC Heap History (20 events):
Event: 8.289 GC heap before
{Heap before GC invocations=20 (full 2):
 PSYoungGen      total 25088K, used 25066K [0x00000000d5580000, 0x00000000d8900000, 0x0000000100000000)
  eden space 22016K, 100% used [0x00000000d5580000,0x00000000d6b00000,0x00000000d6b00000)
  from space 3072K, 99% used [0x00000000d6b00000,0x00000000d6dfabe0,0x00000000d6e00000)
  to   space 15360K, 0% used [0x00000000d7a00000,0x00000000d7a00000,0x00000000d8900000)
 ParOldGen       total 68608K, used 33766K [0x0000000080000000, 0x0000000084300000, 0x00000000d5580000)
  object space 68608K, 49% used [0x0000000080000000,0x00000000820f9a50,0x0000000084300000)
 Metaspace       used 44089K, committed 45376K, reserved 1114112K
  class space    used 4726K, committed 5312K, reserved 1048576K
}
Event: 8.291 GC heap after
{Heap after GC invocations=20 (full 2):
 PSYoungGen      total 23552K, used 1376K [0x00000000d5580000, 0x00000000d7b80000, 0x0000000100000000)
  eden space 22016K, 0% used [0x00000000d5580000,0x00000000d5580000,0x00000000d6b00000)
  from space 1536K, 89% used [0x00000000d7a00000,0x00000000d7b58000,0x00000000d7b80000)
  to   space 6144K, 0% used [0x00000000d6f80000,0x00000000d6f80000,0x00000000d7580000)
 ParOldGen       total 68608K, used 36861K [0x0000000080000000, 0x0000000084300000, 0x00000000d5580000)
  object space 68608K, 53% used [0x0000000080000000,0x00000000823ff690,0x0000000084300000)
 Metaspace       used 44089K, committed 45376K, reserved 1114112K
  class space    used 4726K, committed 5312K, reserved 1048576K
}
Event: 8.549 GC heap before
{Heap before GC invocations=21 (full 2):
 PSYoungGen      total 23552K, used 23392K [0x00000000d5580000, 0x00000000d7b80000, 0x0000000100000000)
  eden space 22016K, 100% used [0x00000000d5580000,0x00000000d6b00000,0x00000000d6b00000)
  from space 1536K, 89% used [0x00000000d7a00000,0x00000000d7b58000,0x00000000d7b80000)
  to   space 6144K, 0% used [0x00000000d6f80000,0x00000000d6f80000,0x00000000d7580000)
 ParOldGen       total 68608K, used 36861K [0x0000000080000000, 0x0000000084300000, 0x00000000d5580000)
  object space 68608K, 53% used [0x0000000080000000,0x00000000823ff690,0x0000000084300000)
 Metaspace       used 46259K, committed 47488K, reserved 1114112K
  class space    used 5017K, committed 5568K, reserved 1048576K
}
Event: 8.551 GC heap after
{Heap after GC invocations=21 (full 2):
 PSYoungGen      total 28160K, used 1472K [0x00000000d5580000, 0x00000000d7a80000, 0x0000000100000000)
  eden space 22016K, 0% used [0x00000000d5580000,0x00000000d5580000,0x00000000d6b00000)
  from space 6144K, 23% used [0x00000000d6f80000,0x00000000d70f0000,0x00000000d7580000)
  to   space 2560K, 0% used [0x00000000d7800000,0x00000000d7800000,0x00000000d7a80000)
 ParOldGen       total 68608K, used 37988K [0x0000000080000000, 0x0000000084300000, 0x00000000d5580000)
  object space 68608K, 55% used [0x0000000080000000,0x00000000825193b0,0x0000000084300000)
 Metaspace       used 46259K, committed 47488K, reserved 1114112K
  class space    used 5017K, committed 5568K, reserved 1048576K
}
Event: 8.780 GC heap before
{Heap before GC invocations=22 (full 2):
 PSYoungGen      total 28160K, used 23488K [0x00000000d5580000, 0x00000000d7a80000, 0x0000000100000000)
  eden space 22016K, 100% used [0x00000000d5580000,0x00000000d6b00000,0x00000000d6b00000)
  from space 6144K, 23% used [0x00000000d6f80000,0x00000000d70f0000,0x00000000d7580000)
  to   space 2560K, 0% used [0x00000000d7800000,0x00000000d7800000,0x00000000d7a80000)
 ParOldGen       total 68608K, used 37988K [0x0000000080000000, 0x0000000084300000, 0x00000000d5580000)
  object space 68608K, 55% used [0x0000000080000000,0x00000000825193b0,0x0000000084300000)
 Metaspace       used 47376K, committed 48640K, reserved 1114112K
  class space    used 5142K, committed 5696K, reserved 1048576K
}
Event: 8.782 GC heap after
{Heap after GC invocations=22 (full 2):
 PSYoungGen      total 23040K, used 1019K [0x00000000d5580000, 0x00000000d7900000, 0x0000000100000000)
  eden space 22016K, 0% used [0x00000000d5580000,0x00000000d5580000,0x00000000d6b00000)
  from space 1024K, 99% used [0x00000000d7800000,0x00000000d78fee98,0x00000000d7900000)
  to   space 1536K, 0% used [0x00000000d7600000,0x00000000d7600000,0x00000000d7780000)
 ParOldGen       total 68608K, used 39170K [0x0000000080000000, 0x0000000084300000, 0x00000000d5580000)
  object space 68608K, 57% used [0x0000000080000000,0x0000000082640a80,0x0000000084300000)
 Metaspace       used 47376K, committed 48640K, reserved 1114112K
  class space    used 5142K, committed 5696K, reserved 1048576K
}
Event: 13.651 GC heap before
{Heap before GC invocations=23 (full 2):
 PSYoungGen      total 23040K, used 23035K [0x00000000d5580000, 0x00000000d7900000, 0x0000000100000000)
  eden space 22016K, 100% used [0x00000000d5580000,0x00000000d6b00000,0x00000000d6b00000)
  from space 1024K, 99% used [0x00000000d7800000,0x00000000d78fee98,0x00000000d7900000)
  to   space 1536K, 0% used [0x00000000d7600000,0x00000000d7600000,0x00000000d7780000)
 ParOldGen       total 68608K, used 39170K [0x0000000080000000, 0x0000000084300000, 0x00000000d5580000)
  object space 68608K, 57% used [0x0000000080000000,0x0000000082640a80,0x0000000084300000)
 Metaspace       used 49113K, committed 50560K, reserved 1114112K
  class space    used 5299K, committed 5952K, reserved 1048576K
}
Event: 13.653 GC heap after
{Heap after GC invocations=23 (full 2):
 PSYoungGen      total 23552K, used 1528K [0x00000000d5580000, 0x00000000d7880000, 0x0000000100000000)
  eden space 22016K, 0% used [0x00000000d5580000,0x00000000d5580000,0x00000000d6b00000)
  from space 1536K, 99% used [0x00000000d7600000,0x00000000d777e1d8,0x00000000d7780000)
  to   space 1024K, 0% used [0x00000000d7780000,0x00000000d7780000,0x00000000d7880000)
 ParOldGen       total 68608K, used 40119K [0x0000000080000000, 0x0000000084300000, 0x00000000d5580000)
  object space 68608K, 58% used [0x0000000080000000,0x000000008272dc50,0x0000000084300000)
 Metaspace       used 49113K, committed 50560K, reserved 1114112K
  class space    used 5299K, committed 5952K, reserved 1048576K
}
Event: 13.696 GC heap before
{Heap before GC invocations=24 (full 2):
 PSYoungGen      total 23552K, used 23544K [0x00000000d5580000, 0x00000000d7880000, 0x0000000100000000)
  eden space 22016K, 100% used [0x00000000d5580000,0x00000000d6b00000,0x00000000d6b00000)
  from space 1536K, 99% used [0x00000000d7600000,0x00000000d777e1d8,0x00000000d7780000)
  to   space 1024K, 0% used [0x00000000d7780000,0x00000000d7780000,0x00000000d7880000)
 ParOldGen       total 68608K, used 40119K [0x0000000080000000, 0x0000000084300000, 0x00000000d5580000)
  object space 68608K, 58% used [0x0000000080000000,0x000000008272dc50,0x0000000084300000)
 Metaspace       used 49115K, committed 50560K, reserved 1114112K
  class space    used 5299K, committed 5952K, reserved 1048576K
}
Event: 13.698 GC heap after
{Heap after GC invocations=24 (full 2):
 PSYoungGen      total 23040K, used 992K [0x00000000d5580000, 0x00000000d7880000, 0x0000000100000000)
  eden space 22016K, 0% used [0x00000000d5580000,0x00000000d5580000,0x00000000d6b00000)
  from space 1024K, 96% used [0x00000000d7780000,0x00000000d7878010,0x00000000d7880000)
  to   space 4096K, 0% used [0x00000000d7080000,0x00000000d7080000,0x00000000d7480000)
 ParOldGen       total 68608K, used 42620K [0x0000000080000000, 0x0000000084300000, 0x00000000d5580000)
  object space 68608K, 62% used [0x0000000080000000,0x000000008299f108,0x0000000084300000)
 Metaspace       used 49115K, committed 50560K, reserved 1114112K
  class space    used 5299K, committed 5952K, reserved 1048576K
}
Event: 13.766 GC heap before
{Heap before GC invocations=25 (full 2):
 PSYoungGen      total 23040K, used 23008K [0x00000000d5580000, 0x00000000d7880000, 0x0000000100000000)
  eden space 22016K, 100% used [0x00000000d5580000,0x00000000d6b00000,0x00000000d6b00000)
  from space 1024K, 96% used [0x00000000d7780000,0x00000000d7878010,0x00000000d7880000)
  to   space 4096K, 0% used [0x00000000d7080000,0x00000000d7080000,0x00000000d7480000)
 ParOldGen       total 68608K, used 42620K [0x0000000080000000, 0x0000000084300000, 0x00000000d5580000)
  object space 68608K, 62% used [0x0000000080000000,0x000000008299f108,0x0000000084300000)
 Metaspace       used 49464K, committed 50816K, reserved 1114112K
  class space    used 5351K, committed 5952K, reserved 1048576K
}
Event: 13.768 GC heap after
{Heap after GC invocations=25 (full 2):
 PSYoungGen      total 26112K, used 2562K [0x00000000d5580000, 0x00000000d7800000, 0x0000000100000000)
  eden space 22016K, 0% used [0x00000000d5580000,0x00000000d5580000,0x00000000d6b00000)
  from space 4096K, 62% used [0x00000000d7080000,0x00000000d7300820,0x00000000d7480000)
  to   space 3072K, 0% used [0x00000000d7500000,0x00000000d7500000,0x00000000d7800000)
 ParOldGen       total 68608K, used 43604K [0x0000000080000000, 0x0000000084300000, 0x00000000d5580000)
  object space 68608K, 63% used [0x0000000080000000,0x0000000082a95108,0x0000000084300000)
 Metaspace       used 49464K, committed 50816K, reserved 1114112K
  class space    used 5351K, committed 5952K, reserved 1048576K
}
Event: 13.812 GC heap before
{Heap before GC invocations=26 (full 2):
 PSYoungGen      total 26112K, used 24578K [0x00000000d5580000, 0x00000000d7800000, 0x0000000100000000)
  eden space 22016K, 100% used [0x00000000d5580000,0x00000000d6b00000,0x00000000d6b00000)
  from space 4096K, 62% used [0x00000000d7080000,0x00000000d7300820,0x00000000d7480000)
  to   space 3072K, 0% used [0x00000000d7500000,0x00000000d7500000,0x00000000d7800000)
 ParOldGen       total 68608K, used 43604K [0x0000000080000000, 0x0000000084300000, 0x00000000d5580000)
  object space 68608K, 63% used [0x0000000080000000,0x0000000082a95108,0x0000000084300000)
 Metaspace       used 49478K, committed 50880K, reserved 1114112K
  class space    used 5351K, committed 5952K, reserved 1048576K
}
Event: 13.814 GC heap after
{Heap after GC invocations=26 (full 2):
 PSYoungGen      total 24576K, used 2176K [0x00000000d5580000, 0x00000000d7780000, 0x0000000100000000)
  eden space 22016K, 0% used [0x00000000d5580000,0x00000000d5580000,0x00000000d6b00000)
  from space 2560K, 85% used [0x00000000d7500000,0x00000000d7720000,0x00000000d7780000)
  to   space 2560K, 0% used [0x00000000d7280000,0x00000000d7280000,0x00000000d7500000)
 ParOldGen       total 68608K, used 45930K [0x0000000080000000, 0x0000000084300000, 0x00000000d5580000)
  object space 68608K, 66% used [0x0000000080000000,0x0000000082cdaa50,0x0000000084300000)
 Metaspace       used 49478K, committed 50880K, reserved 1114112K
  class space    used 5351K, committed 5952K, reserved 1048576K
}
Event: 13.853 GC heap before
{Heap before GC invocations=27 (full 2):
 PSYoungGen      total 24576K, used 24192K [0x00000000d5580000, 0x00000000d7780000, 0x0000000100000000)
  eden space 22016K, 100% used [0x00000000d5580000,0x00000000d6b00000,0x00000000d6b00000)
  from space 2560K, 85% used [0x00000000d7500000,0x00000000d7720000,0x00000000d7780000)
  to   space 2560K, 0% used [0x00000000d7280000,0x00000000d7280000,0x00000000d7500000)
 ParOldGen       total 68608K, used 45930K [0x0000000080000000, 0x0000000084300000, 0x00000000d5580000)
  object space 68608K, 66% used [0x0000000080000000,0x0000000082cdaa50,0x0000000084300000)
 Metaspace       used 49483K, committed 50880K, reserved 1114112K
  class space    used 5351K, committed 5952K, reserved 1048576K
}
Event: 13.855 GC heap after
{Heap after GC invocations=27 (full 2):
 PSYoungGen      total 24576K, used 2148K [0x00000000d5580000, 0x00000000d7580000, 0x0000000100000000)
  eden space 22016K, 0% used [0x00000000d5580000,0x00000000d5580000,0x00000000d6b00000)
  from space 2560K, 83% used [0x00000000d7280000,0x00000000d7499000,0x00000000d7500000)
  to   space 512K, 0% used [0x00000000d7500000,0x00000000d7500000,0x00000000d7580000)
 ParOldGen       total 68608K, used 47905K [0x0000000080000000, 0x0000000084300000, 0x00000000d5580000)
  object space 68608K, 69% used [0x0000000080000000,0x0000000082ec8400,0x0000000084300000)
 Metaspace       used 49483K, committed 50880K, reserved 1114112K
  class space    used 5351K, committed 5952K, reserved 1048576K
}
Event: 13.917 GC heap before
{Heap before GC invocations=28 (full 2):
 PSYoungGen      total 24576K, used 24164K [0x00000000d5580000, 0x00000000d7580000, 0x0000000100000000)
  eden space 22016K, 100% used [0x00000000d5580000,0x00000000d6b00000,0x00000000d6b00000)
  from space 2560K, 83% used [0x00000000d7280000,0x00000000d7499000,0x00000000d7500000)
  to   space 512K, 0% used [0x00000000d7500000,0x00000000d7500000,0x00000000d7580000)
 ParOldGen       total 68608K, used 47905K [0x0000000080000000, 0x0000000084300000, 0x00000000d5580000)
  object space 68608K, 69% used [0x0000000080000000,0x0000000082ec8400,0x0000000084300000)
 Metaspace       used 49535K, committed 50944K, reserved 1114112K
  class space    used 5354K, committed 5952K, reserved 1048576K
}
Event: 13.919 GC heap after
{Heap after GC invocations=28 (full 2):
 PSYoungGen      total 22528K, used 512K [0x00000000d5580000, 0x00000000d7580000, 0x0000000100000000)
  eden space 22016K, 0% used [0x00000000d5580000,0x00000000d5580000,0x00000000d6b00000)
  from space 512K, 100% used [0x00000000d7500000,0x00000000d7580000,0x00000000d7580000)
  to   space 4608K, 0% used [0x00000000d6c80000,0x00000000d6c80000,0x00000000d7100000)
 ParOldGen       total 68608K, used 51454K [0x0000000080000000, 0x0000000084300000, 0x00000000d5580000)
  object space 68608K, 74% used [0x0000000080000000,0x000000008323fa38,0x0000000084300000)
 Metaspace       used 49535K, committed 50944K, reserved 1114112K
  class space    used 5354K, committed 5952K, reserved 1048576K
}
Event: 13.962 GC heap before
{Heap before GC invocations=29 (full 2):
 PSYoungGen      total 22528K, used 22528K [0x00000000d5580000, 0x00000000d7580000, 0x0000000100000000)
  eden space 22016K, 100% used [0x00000000d5580000,0x00000000d6b00000,0x00000000d6b00000)
  from space 512K, 100% used [0x00000000d7500000,0x00000000d7580000,0x00000000d7580000)
  to   space 4608K, 0% used [0x00000000d6c80000,0x00000000d6c80000,0x00000000d7100000)
 ParOldGen       total 68608K, used 51454K [0x0000000080000000, 0x0000000084300000, 0x00000000d5580000)
  object space 68608K, 74% used [0x0000000080000000,0x000000008323fa38,0x0000000084300000)
 Metaspace       used 49542K, committed 50944K, reserved 1114112K
  class space    used 5354K, committed 5952K, reserved 1048576K
}
Event: 13.964 GC heap after
{Heap after GC invocations=29 (full 2):
 PSYoungGen      total 26624K, used 1976K [0x00000000d5580000, 0x00000000d7580000, 0x0000000100000000)
  eden space 22016K, 0% used [0x00000000d5580000,0x00000000d5580000,0x00000000d6b00000)
  from space 4608K, 42% used [0x00000000d6c80000,0x00000000d6e6e200,0x00000000d7100000)
  to   space 3072K, 0% used [0x00000000d7280000,0x00000000d7280000,0x00000000d7580000)
 ParOldGen       total 68608K, used 52014K [0x0000000080000000, 0x0000000084300000, 0x00000000d5580000)
  object space 68608K, 75% used [0x0000000080000000,0x00000000832cba38,0x0000000084300000)
 Metaspace       used 49542K, committed 50944K, reserved 1114112K
  class space    used 5354K, committed 5952K, reserved 1048576K
}

Dll operation events (10 events):
Event: 0.009 Loaded shared library c:\Users\beatr\.vscode\extensions\redhat.java-1.54.0-win32-x64\jre\21.0.10-win32-x86_64\bin\java.dll
Event: 0.060 Loaded shared library c:\Users\beatr\.vscode\extensions\redhat.java-1.54.0-win32-x64\jre\21.0.10-win32-x86_64\bin\zip.dll
Event: 0.075 Loaded shared library C:\Users\beatr\.vscode\extensions\redhat.java-1.54.0-win32-x64\jre\21.0.10-win32-x86_64\bin\instrument.dll
Event: 0.080 Loaded shared library C:\Users\beatr\.vscode\extensions\redhat.java-1.54.0-win32-x64\jre\21.0.10-win32-x86_64\bin\net.dll
Event: 0.082 Loaded shared library C:\Users\beatr\.vscode\extensions\redhat.java-1.54.0-win32-x64\jre\21.0.10-win32-x86_64\bin\nio.dll
Event: 0.086 Loaded shared library C:\Users\beatr\.vscode\extensions\redhat.java-1.54.0-win32-x64\jre\21.0.10-win32-x86_64\bin\zip.dll
Event: 0.103 Loaded shared library C:\Users\beatr\.vscode\extensions\redhat.java-1.54.0-win32-x64\jre\21.0.10-win32-x86_64\bin\jimage.dll
Event: 0.181 Loaded shared library c:\Users\beatr\.vscode\extensions\redhat.java-1.54.0-win32-x64\jre\21.0.10-win32-x86_64\bin\verify.dll
Event: 1.177 Loaded shared library C:\Users\beatr\AppData\Roaming\Code\User\globalStorage\redhat.java\1.54.0\config_win\org.eclipse.equinox.launcher\org.eclipse.equinox.launcher.win32.win32.x86_64_1.3.0.v20260203-2149\eclipse_11919.dll
Event: 5.584 Loaded shared library C:\Users\beatr\AppData\Local\Temp\jna-93610876\jna9571640852751082490.dll

Deoptimization events (20 events):
Event: 13.716 Thread 0x0000025f2361a7b0 DEOPT PACKING pc=0x0000025ecd4d7540 sp=0x000000805dafcdc0
Event: 13.716 Thread 0x0000025f2361a7b0 DEOPT UNPACKING pc=0x0000025eccae3aa2 sp=0x000000805dafcd60 mode 2
Event: 13.728 Thread 0x0000025f2361a7b0 Uncommon trap: trap_request=0xffffffc6 fr.pc=0x0000025ecd3d6064 relative=0x0000000000000664
Event: 13.728 Thread 0x0000025f2361a7b0 Uncommon trap: reason=bimorphic_or_optimized_type_check action=maybe_recompile pc=0x0000025ecd3d6064 method=java.util.ImmutableCollections$MapN.probe(Ljava/lang/Object;)I @ 1 c2
Event: 13.728 Thread 0x0000025f2361a7b0 DEOPT PACKING pc=0x0000025ecd3d6064 sp=0x000000805dafd0b0
Event: 13.728 Thread 0x0000025f2361a7b0 DEOPT UNPACKING pc=0x0000025eccae3aa2 sp=0x000000805dafcff0 mode 2
Event: 13.799 Thread 0x0000025f2361a7b0 Uncommon trap: trap_request=0xffffff76 fr.pc=0x0000025ecd56e8e0 relative=0x0000000000001220
Event: 13.799 Thread 0x0000025f2361a7b0 Uncommon trap: reason=predicate action=maybe_recompile pc=0x0000025ecd56e8e0 method=java.util.TimSort.countRunAndMakeAscending([Ljava/lang/Object;IILjava/util/Comparator;)I @ 54 c2
Event: 13.799 Thread 0x0000025f2361a7b0 DEOPT PACKING pc=0x0000025ecd56e8e0 sp=0x000000805dafcff0
Event: 13.799 Thread 0x0000025f2361a7b0 DEOPT UNPACKING pc=0x0000025eccae3aa2 sp=0x000000805dafcf28 mode 2
Event: 13.822 Thread 0x0000025f2361a7b0 Uncommon trap: trap_request=0xffffff45 fr.pc=0x0000025ecd582f98 relative=0x0000000000000478
Event: 13.822 Thread 0x0000025f2361a7b0 Uncommon trap: reason=unstable_if action=reinterpret pc=0x0000025ecd582f98 method=java.util.ArrayList.equalsRange(Ljava/util/List;II)Z @ 41 c2
Event: 13.822 Thread 0x0000025f2361a7b0 DEOPT PACKING pc=0x0000025ecd582f98 sp=0x000000805dafcd70
Event: 13.822 Thread 0x0000025f2361a7b0 DEOPT UNPACKING pc=0x0000025eccae3aa2 sp=0x000000805dafcd10 mode 2
Event: 13.924 Thread 0x0000025f2361a7b0 Uncommon trap: trap_request=0xffffff45 fr.pc=0x0000025ecd5b78d8 relative=0x00000000000028f8
Event: 13.924 Thread 0x0000025f2361a7b0 Uncommon trap: reason=unstable_if action=reinterpret pc=0x0000025ecd5b78d8 method=org.eclipse.jdt.internal.core.JarPackageFragmentRoot.initRawPackageInfo(Ljava/util/Map;Ljava/lang/String;Ljava/lang/String;ZLjava/lang/String;)V @ 151 c2
Event: 13.924 Thread 0x0000025f2361a7b0 DEOPT PACKING pc=0x0000025ecd5b78d8 sp=0x000000805dafcba0
Event: 13.924 Thread 0x0000025f2361a7b0 DEOPT UNPACKING pc=0x0000025eccae3aa2 sp=0x000000805dafcb78 mode 2
Event: 13.949 Thread 0x0000025f2361a7b0 DEOPT PACKING pc=0x0000025ec60d6246 sp=0x000000805dafc9f0
Event: 13.949 Thread 0x0000025f2361a7b0 DEOPT UNPACKING pc=0x0000025eccae4242 sp=0x000000805dafbf70 mode 0

Classes loaded (20 events):
Event: 13.569 Loading class sun/nio/ch/Util$4
Event: 13.569 Loading class sun/nio/ch/Util$4 done
Event: 13.577 Loading class java/nio/file/ClosedDirectoryStreamException
Event: 13.577 Loading class java/nio/file/ClosedDirectoryStreamException done
Event: 13.577 Loading class jdk/internal/jrtfs/JrtFileSystem
Event: 13.577 Loading class jdk/internal/jrtfs/JrtFileSystem done
Event: 13.577 Loading class jdk/internal/jrtfs/JrtPath
Event: 13.578 Loading class jdk/internal/jrtfs/JrtPath done
Event: 13.578 Loading class jdk/internal/jimage/ImageReader$Node
Event: 13.578 Loading class jdk/internal/jimage/ImageReader$Node done
Event: 13.581 Loading class java/nio/ByteBufferAsIntBufferL
Event: 13.581 Loading class java/nio/ByteBufferAsIntBufferL done
Event: 13.584 Loading class jdk/internal/jimage/ImageReader$Directory
Event: 13.584 Loading class jdk/internal/jimage/ImageReader$Directory done
Event: 13.728 Loading class java/util/AbstractList$ListItr
Event: 13.728 Loading class java/util/AbstractList$ListItr done
Event: 13.735 Loading class java/nio/channels/Channels$ReadableByteChannelImpl
Event: 13.735 Loading class java/nio/channels/Channels$ReadableByteChannelImpl done
Event: 13.735 Loading class java/nio/channels/NonWritableChannelException
Event: 13.735 Loading class java/nio/channels/NonWritableChannelException done

Classes unloaded (7 events):
Event: 6.068 Thread 0x0000025ed8ed4890 Unloading class 0x0000025eda1a5000 'java/lang/invoke/LambdaForm$MH+0x0000025eda1a5000'
Event: 6.068 Thread 0x0000025ed8ed4890 Unloading class 0x0000025eda1a4c00 'java/lang/invoke/LambdaForm$MH+0x0000025eda1a4c00'
Event: 6.068 Thread 0x0000025ed8ed4890 Unloading class 0x0000025eda1a4800 'java/lang/invoke/LambdaForm$MH+0x0000025eda1a4800'
Event: 6.068 Thread 0x0000025ed8ed4890 Unloading class 0x0000025eda1a4400 'java/lang/invoke/LambdaForm$MH+0x0000025eda1a4400'
Event: 6.068 Thread 0x0000025ed8ed4890 Unloading class 0x0000025eda1a4000 'java/lang/invoke/LambdaForm$BMH+0x0000025eda1a4000'
Event: 6.068 Thread 0x0000025ed8ed4890 Unloading class 0x0000025eda1a3c00 'java/lang/invoke/LambdaForm$DMH+0x0000025eda1a3c00'
Event: 6.068 Thread 0x0000025ed8ed4890 Unloading class 0x0000025eda1a2800 'java/lang/invoke/LambdaForm$DMH+0x0000025eda1a2800'

Classes redefined (0 events):
No events

Internal exceptions (20 events):
Event: 8.712 Thread 0x0000025f21797ea0 Exception <a 'sun/nio/fs/WindowsException'{0x00000000d5cae030}> (0x00000000d5cae030) 
thrown [s\src\hotspot\share\prims\jni.cpp, line 520]
Event: 8.712 Thread 0x0000025f21797ea0 Exception <a 'sun/nio/fs/WindowsException'{0x00000000d5cae7a0}> (0x00000000d5cae7a0) 
thrown [s\src\hotspot\share\prims\jni.cpp, line 520]
Event: 8.712 Thread 0x0000025f21797ea0 Exception <a 'sun/nio/fs/WindowsException'{0x00000000d5caef10}> (0x00000000d5caef10) 
thrown [s\src\hotspot\share\prims\jni.cpp, line 520]
Event: 8.712 Thread 0x0000025f21797ea0 Exception <a 'sun/nio/fs/WindowsException'{0x00000000d5caf698}> (0x00000000d5caf698) 
thrown [s\src\hotspot\share\prims\jni.cpp, line 520]
Event: 8.713 Thread 0x0000025f21797ea0 Exception <a 'sun/nio/fs/WindowsException'{0x00000000d5cb4658}> (0x00000000d5cb4658) 
thrown [s\src\hotspot\share\prims\jni.cpp, line 520]
Event: 8.713 Thread 0x0000025f21797ea0 Exception <a 'sun/nio/fs/WindowsException'{0x00000000d5cb4df8}> (0x00000000d5cb4df8) 
thrown [s\src\hotspot\share\prims\jni.cpp, line 520]
Event: 8.713 Thread 0x0000025f21797ea0 Exception <a 'sun/nio/fs/WindowsException'{0x00000000d5cb5598}> (0x00000000d5cb5598) 
thrown [s\src\hotspot\share\prims\jni.cpp, line 520]
Event: 8.713 Thread 0x0000025f21797ea0 Exception <a 'sun/nio/fs/WindowsException'{0x00000000d5cb5d50}> (0x00000000d5cb5d50) 
thrown [s\src\hotspot\share\prims\jni.cpp, line 520]
Event: 8.714 Thread 0x0000025f21797ea0 Exception <a 'sun/nio/fs/WindowsException'{0x00000000d5cbe360}> (0x00000000d5cbe360) 
thrown [s\src\hotspot\share\prims\jni.cpp, line 520]
Event: 8.714 Thread 0x0000025f21797ea0 Exception <a 'sun/nio/fs/WindowsException'{0x00000000d5cc1678}> (0x00000000d5cc1678) 
thrown [s\src\hotspot\share\prims\jni.cpp, line 520]
Event: 8.715 Thread 0x0000025f21797ea0 Exception <a 'sun/nio/fs/WindowsException'{0x00000000d5cc4cc0}> (0x00000000d5cc4cc0) 
thrown [s\src\hotspot\share\prims\jni.cpp, line 520]
Event: 8.715 Thread 0x0000025f21797ea0 Exception <a 'sun/nio/fs/WindowsException'{0x00000000d5cc8938}> (0x00000000d5cc8938) 
thrown [s\src\hotspot\share\prims\jni.cpp, line 520]
Event: 8.716 Thread 0x0000025f21797ea0 Exception <a 'sun/nio/fs/WindowsException'{0x00000000d5ccc588}> (0x00000000d5ccc588) 
thrown [s\src\hotspot\share\prims\jni.cpp, line 520]
Event: 8.830 Thread 0x0000025f21797ea0 Exception <a 'sun/nio/fs/WindowsException'{0x00000000d58bdfc8}> (0x00000000d58bdfc8) 
thrown [s\src\hotspot\share\prims\jni.cpp, line 520]
Event: 8.830 Thread 0x0000025f21797ea0 Exception <a 'sun/nio/fs/WindowsException'{0x00000000d58c1ce8}> (0x00000000d58c1ce8) 
thrown [s\src\hotspot\share\prims\jni.cpp, line 520]
Event: 8.830 Thread 0x0000025f21797ea0 Exception <a 'sun/nio/fs/WindowsException'{0x00000000d58cab38}> (0x00000000d58cab38) 
thrown [s\src\hotspot\share\prims\jni.cpp, line 520]
Event: 8.831 Thread 0x0000025f21797ea0 Exception <a 'sun/nio/fs/WindowsException'{0x00000000d58cf1b8}> (0x00000000d58cf1b8) 
thrown [s\src\hotspot\share\prims\jni.cpp, line 520]
Event: 8.832 Thread 0x0000025f21797ea0 Exception <a 'sun/nio/fs/WindowsException'{0x00000000d58d3810}> (0x00000000d58d3810) 
thrown [s\src\hotspot\share\prims\jni.cpp, line 520]
Event: 13.475 Thread 0x0000025f2361a7b0 Exception <a 'java/lang/IncompatibleClassChangeError'{0x00000000d5a18888}: Found class java.lang.Object, but interface was expected> (0x00000000d5a18888) 
thrown [s\src\hotspot\share\interpreter\linkResolver.cpp, line 840]
Event: 13.570 Thread 0x0000025f2361a7b0 Exception <a 'java/lang/NoSuchMethodError'{0x00000000d60750b8}: 'java.lang.Object java.lang.invoke.DelegatingMethodHandle$Holder.reinvoke_L(java.lang.Object, int, long, java.lang.Object, java.lang.Object, int, java.lang.Object)'> (0x00000000d60750b8) 
thrown [s\src\hotspot\share\interpreter\linkResolver.cpp, line 773]

ZGC Phase Switch (0 events):
No events

VM Operations (20 events):
Event: 13.583 Executing non-safepoint VM operation: HandshakeAllThreads (Deoptimize)
Event: 13.583 Executing non-safepoint VM operation: HandshakeAllThreads (Deoptimize) done
Event: 13.607 Executing non-safepoint VM operation: HandshakeAllThreads (Deoptimize)
Event: 13.607 Executing non-safepoint VM operation: HandshakeAllThreads (Deoptimize) done
Event: 13.650 Executing safepoint VM operation: ParallelGCFailedAllocation (Allocation Failure)
Event: 13.653 Executing safepoint VM operation: ParallelGCFailedAllocation (Allocation Failure) done
Event: 13.696 Executing safepoint VM operation: ParallelGCFailedAllocation (Allocation Failure)
Event: 13.698 Executing safepoint VM operation: ParallelGCFailedAllocation (Allocation Failure) done
Event: 13.729 Executing non-safepoint VM operation: HandshakeAllThreads (Deoptimize)
Event: 13.729 Executing non-safepoint VM operation: HandshakeAllThreads (Deoptimize) done
Event: 13.765 Executing safepoint VM operation: ParallelGCFailedAllocation (Allocation Failure)
Event: 13.768 Executing safepoint VM operation: ParallelGCFailedAllocation (Allocation Failure) done
Event: 13.812 Executing safepoint VM operation: ParallelGCFailedAllocation (Allocation Failure)
Event: 13.814 Executing safepoint VM operation: ParallelGCFailedAllocation (Allocation Failure) done
Event: 13.853 Executing safepoint VM operation: ParallelGCFailedAllocation (Allocation Failure)
Event: 13.855 Executing safepoint VM operation: ParallelGCFailedAllocation (Allocation Failure) done
Event: 13.917 Executing safepoint VM operation: ParallelGCFailedAllocation (Allocation Failure)
Event: 13.919 Executing safepoint VM operation: ParallelGCFailedAllocation (Allocation Failure) done
Event: 13.962 Executing safepoint VM operation: ParallelGCFailedAllocation (Allocation Failure)
Event: 13.964 Executing safepoint VM operation: ParallelGCFailedAllocation (Allocation Failure) done

Memory protections (0 events):
No events

Nmethod flushes (20 events):
Event: 7.277 Thread 0x0000025ed8ed4890 flushing  nmethod 0x0000025ec5c5ed90
Event: 7.277 Thread 0x0000025ed8ed4890 flushing  nmethod 0x0000025ec5cac590
Event: 7.277 Thread 0x0000025ed8ed4890 flushing  nmethod 0x0000025ec5cba390
Event: 7.277 Thread 0x0000025ed8ed4890 flushing  nmethod 0x0000025ec5cf9690
Event: 7.277 Thread 0x0000025ed8ed4890 flushing  nmethod 0x0000025ec5cfde90
Event: 7.277 Thread 0x0000025ed8ed4890 flushing  nmethod 0x0000025ec5d30f10
Event: 7.277 Thread 0x0000025ed8ed4890 flushing  nmethod 0x0000025ec5d32390
Event: 7.277 Thread 0x0000025ed8ed4890 flushing  nmethod 0x0000025ec5d32c90
Event: 7.277 Thread 0x0000025ed8ed4890 flushing  nmethod 0x0000025ec5d33e90
Event: 7.277 Thread 0x0000025ed8ed4890 flushing  nmethod 0x0000025ec5d34690
Event: 7.277 Thread 0x0000025ed8ed4890 flushing  nmethod 0x0000025ec5d36390
Event: 7.277 Thread 0x0000025ed8ed4890 flushing  nmethod 0x0000025ec5d36890
Event: 7.277 Thread 0x0000025ed8ed4890 flushing  nmethod 0x0000025ec5d37190
Event: 7.277 Thread 0x0000025ed8ed4890 flushing  nmethod 0x0000025ec5d38590
Event: 7.277 Thread 0x0000025ed8ed4890 flushing  nmethod 0x0000025ec5d3a010
Event: 7.277 Thread 0x0000025ed8ed4890 flushing  nmethod 0x0000025ec5d3ba90
Event: 7.277 Thread 0x0000025ed8ed4890 flushing  nmethod 0x0000025ec5d83310
Event: 7.277 Thread 0x0000025ed8ed4890 flushing  nmethod 0x0000025ec5d85a10
Event: 7.277 Thread 0x0000025ed8ed4890 flushing  nmethod 0x0000025ec5dac910
Event: 7.277 Thread 0x0000025ed8ed4890 flushing  nmethod 0x0000025ec5e8d690

Events (20 events):
Event: 7.856 Thread 0x0000025f2361e950 Thread added: 0x0000025f2361f670
Event: 7.856 Thread 0x0000025f2361efe0 Thread added: 0x0000025f23f56d80
Event: 7.857 Thread 0x0000025f23f56d80 Thread added: 0x0000025f23f56060
Event: 7.857 Thread 0x0000025f2361f670 Thread added: 0x0000025f23f57410
Event: 7.857 Thread 0x0000025f23f56060 Thread added: 0x0000025f23f566f0
Event: 7.858 Thread 0x0000025f23f57410 Thread added: 0x0000025f23f57aa0
Event: 7.858 Thread 0x0000025f23f566f0 Thread added: 0x0000025f23f58130
Event: 7.859 Thread 0x0000025f23f58130 Thread added: 0x0000025f23f587c0
Event: 7.859 Thread 0x0000025f23f57aa0 Thread added: 0x0000025f23f55340
Event: 8.670 Thread 0x0000025f21797ea0 Thread added: 0x0000025f23f559d0
Event: 8.834 Thread 0x0000025f23f559d0 Thread exited: 0x0000025f23f559d0
Event: 10.067 Thread 0x0000025f2324f010 Thread exited: 0x0000025f2324f010
Event: 10.067 Thread 0x0000025f233c7df0 Thread exited: 0x0000025f233c7df0
Event: 10.067 Thread 0x0000025f21a71f70 Thread exited: 0x0000025f21a71f70
Event: 10.160 Thread 0x0000025f21fe0370 Thread exited: 0x0000025f21fe0370
Event: 10.160 Thread 0x0000025f1b3ad700 Thread exited: 0x0000025f1b3ad700
Event: 13.507 Thread 0x0000025f1b3ad050 Thread added: 0x0000025f23afe850
Event: 13.508 Thread 0x0000025f1b3ad050 Thread added: 0x0000025f226b4cd0
Event: 13.597 Thread 0x0000025f1b3ad050 Thread added: 0x0000025f25955ba0
Event: 13.612 Thread 0x0000025f1b2ab590 Thread added: 0x0000025f23afc0d0


Dynamic libraries:
0x00007ff67f0f0000 - 0x00007ff67f0fe000 	c:\Users\beatr\.vscode\extensions\redhat.java-1.54.0-win32-x64\jre\21.0.10-win32-x86_64\bin\java.exe
0x00007ffc93d80000 - 0x00007ffc93fe7000 	C:\WINDOWS\SYSTEM32\ntdll.dll
0x00007ffc92bf0000 - 0x00007ffc92cb9000 	C:\WINDOWS\System32\KERNEL32.DLL
0x00007ffc91670000 - 0x00007ffc91a67000 	C:\WINDOWS\System32\KERNELBASE.dll
0x00007ffc90870000 - 0x00007ffc909bb000 	C:\WINDOWS\System32\ucrtbase.dll
0x00007ffc8ada0000 - 0x00007ffc8adbe000 	c:\Users\beatr\.vscode\extensions\redhat.java-1.54.0-win32-x64\jre\21.0.10-win32-x86_64\bin\VCRUNTIME140.dll
0x00007ffc69d20000 - 0x00007ffc69d38000 	c:\Users\beatr\.vscode\extensions\redhat.java-1.54.0-win32-x64\jre\21.0.10-win32-x86_64\bin\jli.dll
0x00007ffc93060000 - 0x00007ffc93226000 	C:\WINDOWS\System32\USER32.dll
0x00007ffc7b760000 - 0x00007ffc7b9f2000 	C:\WINDOWS\WinSxS\amd64_microsoft.windows.common-controls_6595b64144ccf1df_6.0.26100.8457_none_3e0b2faee331e92d\COMCTL32.dll
0x00007ffc91640000 - 0x00007ffc91667000 	C:\WINDOWS\System32\win32u.dll
0x00007ffc927b0000 - 0x00007ffc92859000 	C:\WINDOWS\System32\msvcrt.dll
0x00007ffc92ac0000 - 0x00007ffc92aeb000 	C:\WINDOWS\System32\GDI32.dll
0x00007ffc91460000 - 0x00007ffc9158c000 	C:\WINDOWS\System32\gdi32full.dll
0x00007ffc909c0000 - 0x00007ffc90a63000 	C:\WINDOWS\System32\msvcp_win.dll
0x00007ffc91d10000 - 0x00007ffc91d42000 	C:\WINDOWS\System32\IMM32.DLL
0x00007ffc72fb0000 - 0x00007ffc72fbc000 	c:\Users\beatr\.vscode\extensions\redhat.java-1.54.0-win32-x64\jre\21.0.10-win32-x86_64\bin\vcruntime140_1.dll
0x00007ffc2d640000 - 0x00007ffc2d6cd000 	c:\Users\beatr\.vscode\extensions\redhat.java-1.54.0-win32-x64\jre\21.0.10-win32-x86_64\bin\msvcp140.dll
0x00007ffb86640000 - 0x00007ffb873e1000 	c:\Users\beatr\.vscode\extensions\redhat.java-1.54.0-win32-x64\jre\21.0.10-win32-x86_64\bin\server\jvm.dll
0x00007ffc924d0000 - 0x00007ffc92586000 	C:\WINDOWS\System32\ADVAPI32.dll
0x00007ffc93790000 - 0x00007ffc93837000 	C:\WINDOWS\System32\sechost.dll
0x00007ffc93230000 - 0x00007ffc93348000 	C:\WINDOWS\System32\RPCRT4.dll
0x00007ffc93700000 - 0x00007ffc93780000 	C:\WINDOWS\System32\WS2_32.dll
0x00007ffc90630000 - 0x00007ffc9068e000 	C:\WINDOWS\SYSTEM32\POWRPROF.dll
0x00007ffc87cc0000 - 0x00007ffc87ccb000 	C:\WINDOWS\SYSTEM32\VERSION.dll
0x00007ffc83d20000 - 0x00007ffc83d56000 	C:\WINDOWS\SYSTEM32\WINMM.dll
0x00007ffc90610000 - 0x00007ffc90624000 	C:\WINDOWS\SYSTEM32\UMPDC.dll
0x00007ffc8f510000 - 0x00007ffc8f52b000 	C:\WINDOWS\SYSTEM32\kernel.appcore.dll
0x00007ffc6f540000 - 0x00007ffc6f54a000 	c:\Users\beatr\.vscode\extensions\redhat.java-1.54.0-win32-x64\jre\21.0.10-win32-x86_64\bin\jimage.dll
0x00007ffc8e7e0000 - 0x00007ffc8ea22000 	C:\WINDOWS\SYSTEM32\DBGHELP.DLL
0x00007ffc93350000 - 0x00007ffc936d3000 	C:\WINDOWS\System32\combase.dll
0x00007ffc92b10000 - 0x00007ffc92be9000 	C:\WINDOWS\System32\OLEAUT32.dll
0x00007ffc8ae60000 - 0x00007ffc8ae9b000 	C:\WINDOWS\SYSTEM32\dbgcore.DLL
0x00007ffc91590000 - 0x00007ffc91638000 	C:\WINDOWS\System32\bcryptPrimitives.dll
0x00007ffc6a9f0000 - 0x00007ffc6a9ff000 	c:\Users\beatr\.vscode\extensions\redhat.java-1.54.0-win32-x64\jre\21.0.10-win32-x86_64\bin\instrument.dll
0x00007ffc69860000 - 0x00007ffc69880000 	c:\Users\beatr\.vscode\extensions\redhat.java-1.54.0-win32-x64\jre\21.0.10-win32-x86_64\bin\java.dll
0x00007ffc91d50000 - 0x00007ffc924be000 	C:\WINDOWS\System32\SHELL32.dll
0x00007ffc90bf0000 - 0x00007ffc9145c000 	C:\WINDOWS\System32\windows.storage.dll
0x00007ffc92dc0000 - 0x00007ffc92eb6000 	C:\WINDOWS\System32\SHCORE.dll
0x00007ffc93840000 - 0x00007ffc938a6000 	C:\WINDOWS\System32\shlwapi.dll
0x00007ffc906d0000 - 0x00007ffc906f9000 	C:\WINDOWS\SYSTEM32\profapi.dll
0x00007ffc69840000 - 0x00007ffc69858000 	c:\Users\beatr\.vscode\extensions\redhat.java-1.54.0-win32-x64\jre\21.0.10-win32-x86_64\bin\zip.dll
0x00007ffc6a7d0000 - 0x00007ffc6a7e0000 	C:\Users\beatr\.vscode\extensions\redhat.java-1.54.0-win32-x64\jre\21.0.10-win32-x86_64\bin\net.dll
0x00007ffc87fa0000 - 0x00007ffc880c9000 	C:\WINDOWS\SYSTEM32\WINHTTP.dll
0x00007ffc8fa90000 - 0x00007ffc8fafc000 	C:\WINDOWS\system32\mswsock.dll
0x00007ffc695e0000 - 0x00007ffc695f6000 	C:\Users\beatr\.vscode\extensions\redhat.java-1.54.0-win32-x64\jre\21.0.10-win32-x86_64\bin\nio.dll
0x00007ffc6a740000 - 0x00007ffc6a750000 	c:\Users\beatr\.vscode\extensions\redhat.java-1.54.0-win32-x64\jre\21.0.10-win32-x86_64\bin\verify.dll
0x00007ffc60750000 - 0x00007ffc60795000 	C:\Users\beatr\AppData\Roaming\Code\User\globalStorage\redhat.java\1.54.0\config_win\org.eclipse.equinox.launcher\org.eclipse.equinox.launcher.win32.win32.x86_64_1.3.0.v20260203-2149\eclipse_11919.dll
0x00007ffc92ec0000 - 0x00007ffc93057000 	C:\WINDOWS\System32\ole32.dll
0x00007ffc8fd90000 - 0x00007ffc8fdab000 	C:\WINDOWS\SYSTEM32\CRYPTSP.dll
0x00007ffc8f470000 - 0x00007ffc8f4a9000 	C:\WINDOWS\system32\rsaenh.dll
0x00007ffc8fb60000 - 0x00007ffc8fb93000 	C:\WINDOWS\SYSTEM32\USERENV.dll
0x00007ffc906a0000 - 0x00007ffc906ca000 	C:\WINDOWS\SYSTEM32\bcrypt.dll
0x00007ffc8fdb0000 - 0x00007ffc8fdbc000 	C:\WINDOWS\SYSTEM32\CRYPTBASE.dll
0x00007ffc8eef0000 - 0x00007ffc8ef22000 	C:\WINDOWS\SYSTEM32\IPHLPAPI.DLL
0x00007ffc92590000 - 0x00007ffc9259a000 	C:\WINDOWS\System32\NSI.dll
0x00007ffc23360000 - 0x00007ffc233a9000 	C:\Users\beatr\AppData\Local\Temp\jna-93610876\jna9571640852751082490.dll
0x00007ffc936f0000 - 0x00007ffc936f8000 	C:\WINDOWS\System32\PSAPI.DLL
0x00007ffc88e00000 - 0x00007ffc88e1d000 	C:\WINDOWS\SYSTEM32\dhcpcsvc6.DLL
0x00007ffc88310000 - 0x00007ffc88335000 	C:\WINDOWS\SYSTEM32\dhcpcsvc.DLL

JVMTI agents:
c:\Users\beatr\.vscode\extensions\redhat.java-1.54.0-win32-x64\lombok\lombok-1.18.39-4050.jar path:c:\Users\beatr\.vscode\extensions\redhat.java-1.54.0-win32-x64\jre\21.0.10-win32-x86_64\bin\instrument.dll, loaded, initialized, instrumentlib options:none

dbghelp: loaded successfully - version: 4.0.5 - missing functions: none
symbol engine: initialized successfully - sym options: 0x614 - pdb path: .;c:\Users\beatr\.vscode\extensions\redhat.java-1.54.0-win32-x64\jre\21.0.10-win32-x86_64\bin;C:\WINDOWS\SYSTEM32;C:\WINDOWS\WinSxS\amd64_microsoft.windows.common-controls_6595b64144ccf1df_6.0.26100.8457_none_3e0b2faee331e92d;c:\Users\beatr\.vscode\extensions\redhat.java-1.54.0-win32-x64\jre\21.0.10-win32-x86_64\bin\server;C:\Users\beatr\AppData\Roaming\Code\User\globalStorage\redhat.java\1.54.0\config_win\org.eclipse.equinox.launcher\org.eclipse.equinox.launcher.win32.win32.x86_64_1.3.0.v20260203-2149;C:\Users\beatr\AppData\Local\Temp\jna-93610876

VM Arguments:
jvm_args: --add-modules=ALL-SYSTEM --add-opens=java.base/java.util=ALL-UNNAMED --add-opens=java.base/java.lang=ALL-UNNAMED --add-opens=java.base/sun.nio.fs=ALL-UNNAMED -Declipse.application=org.eclipse.jdt.ls.core.id1 -Dosgi.bundles.defaultStartLevel=4 -Declipse.product=org.eclipse.jdt.ls.core.product -Djava.import.generatesMetadataFilesAtProjectRoot=false -DDetectVMInstallationsJob.disabled=true -Dfile.encoding=utf8 -XX:+UseParallelGC -XX:GCTimeRatio=4 -XX:AdaptiveSizePolicyWeight=90 -Dsun.zip.disableMemoryMapping=true -Xmx2G -Xms100m -Xlog:disable -javaagent:c:\Users\beatr\.vscode\extensions\redhat.java-1.54.0-win32-x64\lombok\lombok-1.18.39-4050.jar -XX:+HeapDumpOnOutOfMemoryError -XX:HeapDumpPath=c:\Users\beatr\AppData\Roaming\Code\User\workspaceStorage\512d8a2463e38182a966693e443d7862\redhat.java -Daether.dependencyCollector.impl=bf 
java_command: c:\Users\beatr\.vscode\extensions\redhat.java-1.54.0-win32-x64\server\plugins\org.eclipse.equinox.launcher_1.7.100.v20251111-0406.jar -configuration c:\Users\beatr\AppData\Roaming\Code\User\globalStorage\redhat.java\1.54.0\config_win -data c:\Users\beatr\AppData\Roaming\Code\User\workspaceStorage\512d8a2463e38182a966693e443d7862\redhat.java\jdt_ws --pipe=\\.\pipe\lsp-1e8bacfa85ac5a06a6882afe17c3101d-sock
java_class_path (initial): c:\Users\beatr\.vscode\extensions\redhat.java-1.54.0-win32-x64\server\plugins\org.eclipse.equinox.launcher_1.7.100.v20251111-0406.jar
Launcher Type: SUN_STANDARD

[Global flags]
    uintx AdaptiveSizePolicyWeight                 = 90                                        {product} {command line}
     intx CICompilerCount                          = 12                                        {product} {ergonomic}
    uintx GCTimeRatio                              = 4                                         {product} {command line}
     bool HeapDumpOnOutOfMemoryError               = true                                   {manageable} {command line}
    ccstr HeapDumpPath                             = c:\Users\beatr\AppData\Roaming\Code\User\workspaceStorage\512d8a2463e38182a966693e443d7862\redhat.java         {manageable} {command line}
   size_t InitialHeapSize                          = 104857600                                 {product} {command line}
   size_t MaxHeapSize                              = 2147483648                                {product} {command line}
   size_t MaxNewSize                               = 715653120                                 {product} {ergonomic}
   size_t MinHeapDeltaBytes                        = 524288                                    {product} {ergonomic}
   size_t MinHeapSize                              = 104857600                                 {product} {command line}
   size_t NewSize                                  = 34603008                                  {product} {ergonomic}
    uintx NonNMethodCodeHeapSize                   = 7602480                                {pd product} {ergonomic}
    uintx NonProfiledCodeHeapSize                  = 122027880                              {pd product} {ergonomic}
   size_t OldSize                                  = 70254592                                  {product} {ergonomic}
    uintx ProfiledCodeHeapSize                     = 122027880                              {pd product} {ergonomic}
    uintx ReservedCodeCacheSize                    = 251658240                              {pd product} {ergonomic}
     bool SegmentedCodeCache                       = true                                      {product} {ergonomic}
   size_t SoftMaxHeapSize                          = 2147483648                             {manageable} {ergonomic}
     bool UseCompressedOops                        = true                           {product lp64_product} {ergonomic}
     bool UseLargePagesIndividualAllocation        = false                                  {pd product} {ergonomic}
     bool UseParallelGC                            = true                                      {product} {command line}

Logging:
Log output configuration:
 #0: stdout all=off uptime,level,tags foldmultilines=false
 #1: stderr all=off uptime,level,tags foldmultilines=false

Release file:
JAVA_VERSION="21.0.10" 
MODULES="java.base java.compiler java.datatransfer java.xml java.prefs java.desktop java.instrument java.logging java.management java.security.sasl java.naming java.rmi java.management.rmi java.net.http java.scripting java.security.jgss java.transaction.xa java.sql java.sql.rowset java.xml.crypto java.se java.smartcardio jdk.accessibility jdk.internal.jvmstat jdk.attach jdk.charsets jdk.internal.opt jdk.zipfs jdk.compiler jdk.crypto.ec jdk.crypto.cryptoki jdk.crypto.mscapi jdk.dynalink jdk.internal.ed jdk.editpad jdk.hotspot.agent jdk.httpserver jdk.internal.le jdk.internal.vm.ci jdk.internal.vm.compiler jdk.internal.vm.compiler.management jdk.jartool jdk.javadoc jdk.jcmd jdk.management jdk.management.agent jdk.jconsole jdk.jdeps jdk.jdwp.agent jdk.jdi jdk.jfr jdk.jshell jdk.jsobject jdk.jstatd jdk.localedata jdk.management.jfr jdk.naming.dns jdk.naming.rmi jdk.net jdk.nio.mapmode jdk.random jdk.sctp jdk.security.auth jdk.security.jgss jdk.unsupported jdk.unsupported.desktop jdk.xml.dom" 

Environment Variables:
PATH=C:\Python314\Scripts\;C:\Python314\;C:\Program Files\Common Files\Oracle\Java\javapath;C:\Program Files (x86)\Common Files\Oracle\Java\javapath;C:\Windows\system32;C:\Windows;C:\Windows\System32\Wbem;C:\Windows\System32\WindowsPowerShell\v1.0\;C:\Windows\System32\OpenSSH\;C:\Program Files (x86)\NVIDIA Corporation\PhysX\Common;C:\Program Files\NVIDIA Corporation\NVIDIA NvDLISR;C:\Program Files\Git\cmd;C:\apache-maven-3.9.9\bin;C:\Program Files\nodejs\;C:\ProgramData\chocolatey\bin;C:\WINDOWS\system32;C:\WINDOWS;C:\WINDOWS\System32\Wbem;C:\WINDOWS\System32\WindowsPowerShell\v1.0\;C:\WINDOWS\System32\OpenSSH\;C:\Program Files\MongoDB\Server\8.2\bin;C:\Program Files\Docker\Docker\resources\bin;C:\Users\beatr\AppData\Local\Programs\Python\Launcher\;C:\Users\beatr\AppData\Local\Microsoft\WindowsApps;C:\Users\beatr\AppData\Local\Programs\Microsoft VS Code\bin;C:\Users\beatr\AppData\Local\GitHubDesktop\bin;C:\Users\beatr\AppData\Roaming\npm;C:\Program Files\mongosh\
USERNAME=beatr
OS=Windows_NT
PROCESSOR_IDENTIFIER=AMD64 Family 25 Model 80 Stepping 0, AuthenticAMD
TMP=C:\Users\beatr\AppData\Local\Temp
TEMP=C:\Users\beatr\AppData\Local\Temp




Periodic native trim disabled

---------------  S Y S T E M  ---------------

OS:
 Windows 11 , 64 bit Build 26100 (10.0.26100.8328)
OS uptime: 2 days 19:43 hours
Hyper-V role detected

CPU: total 16 (initial active 16) (16 cores per cpu, 2 threads per core) family 25 model 80 stepping 0 microcode 0xa50000d, cx8, cmov, fxsr, ht, mmx, 3dnowpref, sse, sse2, sse3, ssse3, sse4a, sse4.1, sse4.2, popcnt, lzcnt, tsc, tscinvbit, avx, avx2, aes, erms, clmul, bmi1, bmi2, adx, sha, fma, vzeroupper, clflush, clflushopt, hv, rdtscp, rdpid, fsrm, f16c, cet_ss
Processor Information for processor 0
  Max Mhz: 3201, Current Mhz: 3201, Mhz Limit: 3201
Processor Information for processor 1
  Max Mhz: 3201, Current Mhz: 3201, Mhz Limit: 3201
Processor Information for processor 2
  Max Mhz: 3201, Current Mhz: 3201, Mhz Limit: 3201
Processor Information for processor 3
  Max Mhz: 3201, Current Mhz: 3201, Mhz Limit: 3201
Processor Information for processor 4
  Max Mhz: 3201, Current Mhz: 3201, Mhz Limit: 3201
Processor Information for processor 5
  Max Mhz: 3201, Current Mhz: 3201, Mhz Limit: 3201
Processor Information for processor 6
  Max Mhz: 3201, Current Mhz: 3201, Mhz Limit: 3201
Processor Information for processor 7
  Max Mhz: 3201, Current Mhz: 2555, Mhz Limit: 3201
Processor Information for processor 8
  Max Mhz: 3201, Current Mhz: 3201, Mhz Limit: 3201
Processor Information for processor 9
  Max Mhz: 3201, Current Mhz: 3201, Mhz Limit: 3201
Processor Information for processor 10
  Max Mhz: 3201, Current Mhz: 3201, Mhz Limit: 3201
Processor Information for processor 11
  Max Mhz: 3201, Current Mhz: 3201, Mhz Limit: 3201
Processor Information for processor 12
  Max Mhz: 3201, Current Mhz: 3201, Mhz Limit: 3201
Processor Information for processor 13
  Max Mhz: 3201, Current Mhz: 2555, Mhz Limit: 3201
Processor Information for processor 14
  Max Mhz: 3201, Current Mhz: 3201, Mhz Limit: 3201
Processor Information for processor 15
  Max Mhz: 3201, Current Mhz: 3201, Mhz Limit: 3201

Memory: 4k page, system-wide physical 14188M (729M free)
TotalPageFile size 37754M (AvailPageFile size 307M)
current process WorkingSet (physical memory assigned to process): 261M, peak: 265M
current process commit charge ("private bytes"): 366M, peak: 403M

vm_info: OpenJDK 64-Bit Server VM (21.0.10+7-LTS) for windows-amd64 JRE (21.0.10+7-LTS), built on 2026-01-20T00:00:00Z by "admin" with MS VC++ 17.12 (VS2022)

END.
